=== HPCCG nosvorig: nx=288 ny=192 nz=768 ntasks=4608 ===
[TIMING] before nix develop: 09:03:56.174413503
Environment variables set:
  CC=clang
  CXX=clang++
  NODES_HOME=/nix/store/c07kvghf5gm7zib1zdzkk21y8z77icyb-nodes-1.4.0
  NOSV_HOME=/nix/store/nxsh19kbfdz9krm5n7yf6g072zjiwyqa-nosv-4.0.0
  TAMPI_HOME=/nix/store/dq0ha6547fs8cc26drq13fw0wxy95k5v-tampi-4.1
  BLIS_HOME=/nix/store/az7sb7mysl0j68mvz9wwwf1ch1w5p1sb-amd-blis-5.1
  LIBFLAME_HOME=/nix/store/az7sb7mysl0j68mvz9wwwf1ch1w5p1sb-amd-blis-5.1
[TIMING] inside nix shell: 09:03:59.320302768
[TIMING] after build check: 09:03:59.325283818
Process ID: 400379, Rank: 0, Host: fox
Estimated memory to be allocated: 19.3008 GiB
11. r --- Sizeof double*nrow: 339738624
12. p --- Sizeof double*ncol: 339738624
13. Ap --- Sizeof double*nrow: 339738624
14. blk_info_array --- Sizeof Blk_info*num_blocks: 36864
15. deps --- Sizeof bool*ncol: 42467328
16. dep_idx_list --- Sizeof int*27*(num_blocks): 497664
17. dep_ptr_to_idx_list --- Sizeof (int *)*num_blocks: 36864
18. dep_size --- Sizeof int*num_blocks: 18432
Total memory allocated: 1062273024
--------------- ALLOCATIONS ---------------
NUM_PART: 4 || nrow: 42467328 || cpus: 96 || chunk: 9216 || num_blocks: 4608
Initial Residual = 11255.7
Mini-Application Name: hpccg_ompss_fa0_ranks1_nx288_ny192_nz768_maxiter100_ntasks4608_nthreads96
Mini-Application Version: 1.0
Parallelism: 
  Number of MPI ranks: 1
  Number of OmpSs cores: 96
Dimensions: 
  nx: 288
  ny: 192
  nz: 768
Number of iterations: 100
Final residual: 9.40702e-11
#********** Performance Summary (times in sec) ***********: 
Time Summary: 
  Total   : 22.371
FLOPS Summary: 
  Total   : 2.71791e+11
MFLOPS Summary: 
  Total   : 12149.3
time,22.370997,nx,288,ny,192,nz,768,ranks,1,threads,96,ntasks,4608,iterations,100,flops,271790899200.000000,mflops,12149.253011,total_mem(bytes),1062273024
[TIMING] after srun: 09:05:42.086365024
[TIMING] after nix develop exit: 09:05:42.093001963
