warning: unable to download 'http://tent/cache/nix-cache-info': Timeout was reached (28) Connection timed out after 3001 milliseconds; retrying in 293 ms (attempt 1/5)
warning: unable to download 'http://tent/cache/nix-cache-info': Timeout was reached (28) Connection timed out after 3000 milliseconds; retrying in 620 ms (attempt 2/5)
warning: unable to download 'http://tent/cache/nix-cache-info': Timeout was reached (28) Connection timed out after 3000 milliseconds; retrying in 1218 ms (attempt 3/5)
warning: unable to download 'http://tent/cache/nix-cache-info': Timeout was reached (28) Connection timed out after 3000 milliseconds; retrying in 2446 ms (attempt 4/5)
warning: unable to download 'http://tent/cache/nix-cache-info': Timeout was reached (28) Connection timed out after 3000 milliseconds
copying path '/nix/store/99msljcmwg2wcgyq87zj50x1c0hv18y0-openmp-21.1.2' from 'https://cache.nixos.org'...
copying path '/nix/store/d3icqbnmzdmw7nqa63i94lhr1ws8whhl-intel-oneapi-mkl-2023.1.0-2023.1.0-46342.x86_64.rpm' from 'http://hut/cache'...
copying path '/nix/store/mnjyzq4aqdmb0p28wkk08rrjzpc9nigs-intel-oneapi-mkl-common-2023.1.0-2023.1.0-46342.noarch.rpm' from 'http://hut/cache'...
copying path '/nix/store/q57iddcpgk4brdjpar3rvpw12rx4sfap-intel-oneapi-mkl-common-devel-2023.1.0-2023.1.0-46342.noarch.rpm' from 'http://hut/cache'...
copying path '/nix/store/m48y59zz6jfjnqiz25hb5zgxm9rldgin-intel-oneapi-mkl-devel-2023.1.0-2023.1.0-46342.x86_64.rpm' from 'http://hut/cache'...
copying path '/nix/store/pdjs016gr211fgpqkb42gz7cbdkca570-intel-oneapi-openmp-2023.1.0-2023.1.0-46305.x86_64.rpm' from 'http://hut/cache'...
copying path '/nix/store/d3ynvis1g30qinxy867l4sqzla0lmzsj-intel-oneapi-tbb-2021.9.0-2021.9.0-43484.x86_64.rpm' from 'http://hut/cache'...
copying path '/nix/store/jafr6735013ssvvgarrd2fpvg9j4110j-rpm-sequoia-1.9.0' from 'https://cache.nixos.org'...
building '/nix/store/bqspnd008v9n45naycrjafvg810jl7bf-amd-blis-5.1.drv'...
copying path '/nix/store/j435jhqvr6x25xl7ki7lhjxyjcf1lf3h-openmp-21.1.2-dev' from 'https://cache.nixos.org'...
copying path '/nix/store/0j3zg8i2qpar485xy9h119672pw8nzzz-rpm-4.20.1' from 'https://cache.nixos.org'...
copying path '/nix/store/jwazwbgkihy958jl1yjhqm459cmvikzm-rpmextract' from 'https://cache.nixos.org'...
building '/nix/store/6s64rwblxrpbg2nivg7gbdr5lh420jh8-mkl-2023.1.0.46342.drv'...
building '/nix/store/kzg97vdjc01k92viqhf84fibk1wlca76-amd-libflame-5.1.drv'...
building '/nix/store/4w5yir46f1g74dx3ck7mv510i2k105c0-nix-shell-env.drv'...
NUMA distribution for x (110400 pages):
  node  0:   1150 pages  (1.0%)
  node  1:   1152 pages  (1.0%)
  node  2:   2300 pages  (2.1%)
  node  3: 105798 pages  (95.8%)
NUMA distribution for y (110400 pages):
  node  0:   1150 pages  (1.0%)
  node  1:   1152 pages  (1.0%)
  node  2:  10378 pages  (9.4%)
  node  3:  97720 pages  (88.5%)
