=== Cholesky nosvorig: N=33792 TS=256 ===
NOSV_CONFIG_OVERRIDE=topology.binding=inherit,monitoring.enabled=false,monitoring.verbose=false,hwcounters.backend=none,scheduler.immediate_successor=true,instrumentation.version=none
[TIMING] before nix develop: 08:37:47.364115495
Environment variables set:
  CC=clang
  CXX=clang++
  NODES_HOME=/nix/store/c07kvghf5gm7zib1zdzkk21y8z77icyb-nodes-1.4.0
  NOSV_HOME=/nix/store/nxsh19kbfdz9krm5n7yf6g072zjiwyqa-nosv-4.0.0
  TAMPI_HOME=/nix/store/dq0ha6547fs8cc26drq13fw0wxy95k5v-tampi-4.1
  BLIS_HOME=/nix/store/az7sb7mysl0j68mvz9wwwf1ch1w5p1sb-amd-blis-5.1
  LIBFLAME_HOME=/nix/store/az7sb7mysl0j68mvz9wwwf1ch1w5p1sb-amd-blis-5.1
[TIMING] inside nix shell: 08:37:50.111808403
[TIMING] after build check: 08:37:50.114735726
Matrix size: 9135194112 bytes
Matrix dimensions: 33792 x 33792
NUMA page distribution for matrix a (2230272 pages, page_size=4096):
  NUMA node 0: 366720 pages (16.44%)
  NUMA node 1: 364288 pages (16.33%)
  NUMA node 2: 360960 pages (16.18%)
  NUMA node 3: 365184 pages (16.37%)
  NUMA node 4: 199168 pages (8.93%)
  NUMA node 5: 198528 pages (8.90%)
  NUMA node 6: 194048 pages (8.70%)
  NUMA node 7: 181376 pages (8.13%)
NUMA page distribution for matrix a (2230272 pages, page_size=4096):
  NUMA node 0: 366720 pages (16.44%)
  NUMA node 1: 364288 pages (16.33%)
  NUMA node 2: 360960 pages (16.18%)
  NUMA node 3: 365184 pages (16.37%)
  NUMA node 4: 199168 pages (8.93%)
  NUMA node 5: 198528 pages (8.90%)
  NUMA node 6: 194048 pages (8.70%)
  NUMA node 7: 181376 pages (8.13%)
Printing result:   3.671999e+00   3.467948e+03          33792            256
[TIMING] after srun: 08:37:59.906755935
[TIMING] after nix develop exit: 08:37:59.911953319
