=== Cholesky nosvorig: N=33792 TS=256 ===
NOSV_CONFIG_OVERRIDE=topology.binding=inherit,monitoring.enabled=false,monitoring.verbose=false,hwcounters.backend=none,scheduler.immediate_successor=true,instrumentation.version=none
[TIMING] before nix develop: 08:38:00.037823594
Environment variables set:
  CC=clang
  CXX=clang++
  NODES_HOME=/nix/store/c07kvghf5gm7zib1zdzkk21y8z77icyb-nodes-1.4.0
  NOSV_HOME=/nix/store/nxsh19kbfdz9krm5n7yf6g072zjiwyqa-nosv-4.0.0
  TAMPI_HOME=/nix/store/dq0ha6547fs8cc26drq13fw0wxy95k5v-tampi-4.1
  BLIS_HOME=/nix/store/az7sb7mysl0j68mvz9wwwf1ch1w5p1sb-amd-blis-5.1
  LIBFLAME_HOME=/nix/store/az7sb7mysl0j68mvz9wwwf1ch1w5p1sb-amd-blis-5.1
[TIMING] inside nix shell: 08:38:02.702043540
[TIMING] after build check: 08:38:02.705965910
Matrix size: 9135194112 bytes
Matrix dimensions: 33792 x 33792
NUMA page distribution for matrix a (2230272 pages, page_size=4096):
  NUMA node 0: 364032 pages (16.32%)
  NUMA node 1: 368128 pages (16.51%)
  NUMA node 2: 360448 pages (16.16%)
  NUMA node 3: 365440 pages (16.39%)
  NUMA node 4: 198400 pages (8.90%)
  NUMA node 5: 197632 pages (8.86%)
  NUMA node 6: 193920 pages (8.69%)
  NUMA node 7: 182272 pages (8.17%)
NUMA page distribution for matrix a (2230272 pages, page_size=4096):
  NUMA node 0: 364032 pages (16.32%)
  NUMA node 1: 368128 pages (16.51%)
  NUMA node 2: 360448 pages (16.16%)
  NUMA node 3: 365440 pages (16.39%)
  NUMA node 4: 198400 pages (8.90%)
  NUMA node 5: 197632 pages (8.86%)
  NUMA node 6: 193920 pages (8.69%)
  NUMA node 7: 182272 pages (8.17%)
Printing result:   3.662762e+00   3.476694e+03          33792            256
[TIMING] after srun: 08:38:12.412345947
[TIMING] after nix develop exit: 08:38:12.417416438
