=== Cholesky baseline: N=6144 CPUS=96 NUMA=0 ===
[TIMING] before nix develop: 15:03:19.184722604
Environment variables set:
  CC=/nix/store/bpmq0ln49bp0iak5xlmqgib0vlywz64n-clang-wrapper-21.1.2/bin/clang
  CXX=/nix/store/bpmq0ln49bp0iak5xlmqgib0vlywz64n-clang-wrapper-21.1.2/bin/clang++
  BLIS_HOME=/nix/store/d3gl28i7m8bxyla9vhgdn5nwjnjip4b6-amd-blis-5.1
  LIBFLAME_HOME=/nix/store/16cj32h5mdv4aqbd12ncngih2906x308-amd-libflame-5.1
[TIMING] inside nix shell: 15:03:22.062837839
Building cholesky_libflame.bin...
mkdir -p obj
clang -D_GNU_SOURCE -O3 -g -ffast-math -march=znver4 -mtune=znver4  -DUSE_BLIS -I/nix/store/d3gl28i7m8bxyla9vhgdn5nwjnjip4b6-amd-blis-5.1/include/blis -DUSE_BLIS -I/nix/store/16cj32h5mdv4aqbd12ncngih2906x308-amd-libflame-5.1/include -c cholesky.c -o obj/cholesky-oss.o
clang -D_GNU_SOURCE -O3 -g -ffast-math -march=znver4 -mtune=znver4  obj/cholesky-oss.o -o cholesky_libflame.bin -lm -lnuma -lvalloc -L/nix/store/d3gl28i7m8bxyla9vhgdn5nwjnjip4b6-amd-blis-5.1/lib -lblis-mt -L/nix/store/16cj32h5mdv4aqbd12ncngih2906x308-amd-libflame-5.1/lib -lflame
[TIMING] after build check: 15:03:22.653901882
AOCL-BLAS version       : AOCL-BLAS 5.1.0 Build 19800101
AOCL-BLAS OpenMP        : enabled
AOCL-BLAS pthreads      : disabled
AOCL-BLAS threading     : enabled
AOCL-BLAS num threads   : 96
NUMA interleaved allocation: no
Matrix size: 301989888 bytes
Matrix dimensions: 6144 x 6144
NUMA page distribution for matrix a (73728 pages, page_size=4096):
  NUMA node 2: 73728 pages (100.00%)
Printing result:   3.912451e-01   1.956707e+02           6144
[TIMING] after run: 15:03:23.298955843
[TIMING] after nix develop exit: 15:03:23.303889579
