srun: Setting --cpu-bind=threads,verbose as a default of --threads-per-core use
srun: Updating SLURM_TRES_PER_TASK to cpu=192 as --cpus-per-task takes precedence over the environment variables.
srun: Following options are mutually exclusive with --hint: --ntasks-per-core, --cores-per-socket, --threads-per-core, --sockets-per-node, -B and --cpu-bind (other than --cpu-bind=verbose). Ignoring --hint.
srun: defined options
srun: -------------------- --------------------
srun: (null)              : fox
srun: cpu-bind            : verbose
srun: cpus-per-task       : 192
srun: exclusive           : exclusive
srun: jobid               : 52531
srun: job-name            : submit_reproduce.job
srun: mem-per-cpu         : 4008
srun: nodes               : 1
srun: ntasks-per-node     : 1
srun: oom-kill-step       : 0
srun: threads-per-core    : 1
srun: tres-per-task       : cpu=192
srun: verbose             : 1
srun: -------------------- --------------------
srun: end of defined options
srun: jobid 52531: nodes(1):`fox', cpu counts: 192(x1)
srun: CpuBindType=verbose,threads
srun: launching StepId=52531.0 on host fox, 1 tasks: 0
cpu-bind=MASK - fox, task  0  0 [428005]: mask 0xffffffffffffffffffffffffffffffffffffffffffffffff set
srun: Node fox, 1 tasks started
NOS-V WARNING in ./src/include/scheduler/cpubitset.h:264:cpu_bitset_print_mask(): Effective binding: {0-191}
Starting Heat Solver with OmpSs-2
VVV_UPPER_LVL set to: numa
VVV_LOWER_LVL set to: cs
VVV_TG_POLICY set to: PRIO
VVV_TG_ENABLED effective value: 1
VVV_AFF_FLEXIBLE effective value: 1
VVV_TG_ENABLED set to: 1 (enabled)
tglib_manager values:
  tg_enabled      = 1
  upper_level     = 1
  lower_level     = 2
  sched_policy    = 5
  flexible_aff    = 1
  num_task_groups = 0
  taskgroups ptr  = (nil)
INFO: tglib_create_taskgroups_per_domain: num_doms = 24 lower_level=2
INFO: tglib_create_taskgroups_per_domain: Creating 24 task groups
[Proc 428005, Thread 136080298854080] BEFORE mbind: thread_policy=0 thread_nodemask=0x0 addr_policy=0 addr_nodemask=0x0
[Proc 428005, Thread 136080298854080] AFTER  mbind: thread_policy=0 thread_nodemask=0x0 addr_policy=4 addr_nodemask=0x0
Starting warmup
create start:       0.394240
create end: 0.395920
	create duration: 0.001679
exec start: 0.396231
exec end: 2.417486
	exec duration: 2.021255
Starting benchmark
create start:       2.917619
create end: 2.974809
	create duration: 0.057190
exec start: 2.974823
exec end: 12.835483
	exec duration: 9.860660
srun: Received task exit notification for 1 task of StepId=52531.0 (status=0x0000).
srun: fox: task 0: Completed
