=== Cholesky nosvorig: N=33792 TS=256 ===
NOSV_CONFIG_OVERRIDE=topology.binding=inherit,monitoring.enabled=false,monitoring.verbose=false,hwcounters.backend=none,scheduler.immediate_successor=true,instrumentation.version=none
[TIMING] before nix develop: 08:40:06.959108125
Environment variables set:
  CC=clang
  CXX=clang++
  NODES_HOME=/nix/store/c07kvghf5gm7zib1zdzkk21y8z77icyb-nodes-1.4.0
  NOSV_HOME=/nix/store/nxsh19kbfdz9krm5n7yf6g072zjiwyqa-nosv-4.0.0
  TAMPI_HOME=/nix/store/dq0ha6547fs8cc26drq13fw0wxy95k5v-tampi-4.1
  BLIS_HOME=/nix/store/az7sb7mysl0j68mvz9wwwf1ch1w5p1sb-amd-blis-5.1
  LIBFLAME_HOME=/nix/store/az7sb7mysl0j68mvz9wwwf1ch1w5p1sb-amd-blis-5.1
[TIMING] inside nix shell: 08:40:09.639848042
[TIMING] after build check: 08:40:09.643116301
Matrix size: 9135194112 bytes
Matrix dimensions: 33792 x 33792
NUMA page distribution for matrix a (2230272 pages, page_size=4096):
  NUMA node 0: 198016 pages (8.88%)
  NUMA node 1: 198784 pages (8.91%)
  NUMA node 2: 196224 pages (8.80%)
  NUMA node 3: 180736 pages (8.10%)
  NUMA node 4: 364544 pages (16.35%)
  NUMA node 5: 363392 pages (16.29%)
  NUMA node 6: 365056 pages (16.37%)
  NUMA node 7: 363520 pages (16.30%)
NUMA page distribution for matrix a (2230272 pages, page_size=4096):
  NUMA node 0: 198016 pages (8.88%)
  NUMA node 1: 198784 pages (8.91%)
  NUMA node 2: 196224 pages (8.80%)
  NUMA node 3: 180736 pages (8.10%)
  NUMA node 4: 364544 pages (16.35%)
  NUMA node 5: 363392 pages (16.29%)
  NUMA node 6: 365056 pages (16.37%)
  NUMA node 7: 363520 pages (16.30%)
Printing result:   3.701174e+00   3.440611e+03          33792            256
[TIMING] after srun: 08:40:19.457339587
[TIMING] after nix develop exit: 08:40:19.462595302
