=== HPCCG HSF: nx=288 ny=192 nz=768 ntasks=1536 ===
VVV_TG_ENABLED=1 VVV_LOWER_LVL=cs
VVV_SPMV_TG_ENABLED=1 VVV_SPMV_POLICY=FIFO
[TIMING] before nix develop: 12:27:18.211422679
Environment variables set:
  CC=clang
  CXX=clang++
  PAPI_HOME=/nix/store/lrhn2sdjgmbsjb22kk5rsaysr419rnly-papi-7.2.0
  OVNI_HOME=/nix/store/xnpsfn4ys2wlz3l6k50ygfzj01jc1kir-ovni-1.13.0
  NODES_HOME=/nix/store/g84v80gmx1mhshfddqxs9lbqrvcf8xcv-nodes-haffsched-debug2
  NOSV_HOME=/nix/store/y1hg258pxa0lxg78vqvxisvffygnbnxh-nosv-haffsched-local-hwc-counters
  TAMPI_HOME=/nix/store/dq0ha6547fs8cc26drq13fw0wxy95k5v-tampi-4.1
  BLIS_HOME=/nix/store/az7sb7mysl0j68mvz9wwwf1ch1w5p1sb-amd-blis-5.1
  LIBFLAME_HOME=/nix/store/xqbv5fi9wpql9rrngifhnqs82wmljc81-amd-libflame-5.1
  TGLIB_HOME=/nix/store/rb92fylnlkc1jfs01an1awzc9i5zggnh-tglib-d78d0a4
[TIMING] inside nix shell: 12:27:20.130905634
[TIMING] after build check: 12:27:20.135879190
Process ID: 429746, Rank: 0, Host: fox
11. r --- Sizeof double*nrow: 339738624
12. p --- Sizeof double*ncol: 339738624
13. Ap --- Sizeof double*nrow: 339738624
14. blk_info_array --- Sizeof Blk_info*num_blocks: 12288
15. deps --- Sizeof bool*ncol: 42467328
16. dep_idx_list --- Sizeof int*27*(num_blocks): 165888
17. dep_ptr_to_idx_list --- Sizeof (int *)*num_blocks: 12288
18. dep_size --- Sizeof int*num_blocks: 6144
Total memory allocated: 1061879808
--------------- ALLOCATIONS ---------------
NUM_PART: 4 || nrow: 42467328 || cpus: 96 || chunk: 27648 || num_blocks: 1536
Initial Residual = 11255.7
fniters: 100
fnrow: 4.24673e+07
fnnz: 1.14662e+09
fnops_ddot: 1.69869e+10
fnops_waxpby: 2.54804e+10
fnops_sparsemv: 2.29324e+11
fnops: 2.71791e+11
Mini-Application Name: hpccg_ompss_ranks1_nx288_ny192_nz768_maxiter100_ntasks1536_nthreads96
Mini-Application Version: 1.0
Parallelism: 
  Number of MPI ranks: 1
  Number of OmpSs cores: 96
Dimensions: 
  nx: 288
  ny: 192
  nz: 768
Number of iterations: 100
Final residual: 9.40702e-11
#********** Performance Summary (times in sec) ***********: 
Time Summary: 
  Total   : 6.35813
FLOPS Summary: 
  Total   : 2.71791e+11
MFLOPS Summary: 
  Total   : 42747
time,6.358131,nx,288,ny,192,nz,768,ranks,1,threads,96,ntasks,1536,iterations,100,flops,271790899200.000000,mflops,42746.979925,total_mem(bytes),1061879808
[TIMING] after srun: 12:28:03.781352471
[TIMING] after nix develop exit: 12:28:03.786376808
