=== HPCCG HSF: nx=288 ny=192 nz=768 ntasks=96 ===
VVV_TG_ENABLED=1 VVV_LOWER_LVL=cs
VVV_SPMV_TG_ENABLED=1 VVV_SPMV_POLICY=FIFO
[TIMING] before nix develop: 12:25:19.339334323
Environment variables set:
  CC=clang
  CXX=clang++
  PAPI_HOME=/nix/store/lrhn2sdjgmbsjb22kk5rsaysr419rnly-papi-7.2.0
  OVNI_HOME=/nix/store/xnpsfn4ys2wlz3l6k50ygfzj01jc1kir-ovni-1.13.0
  NODES_HOME=/nix/store/g84v80gmx1mhshfddqxs9lbqrvcf8xcv-nodes-haffsched-debug2
  NOSV_HOME=/nix/store/y1hg258pxa0lxg78vqvxisvffygnbnxh-nosv-haffsched-local-hwc-counters
  TAMPI_HOME=/nix/store/dq0ha6547fs8cc26drq13fw0wxy95k5v-tampi-4.1
  BLIS_HOME=/nix/store/az7sb7mysl0j68mvz9wwwf1ch1w5p1sb-amd-blis-5.1
  LIBFLAME_HOME=/nix/store/xqbv5fi9wpql9rrngifhnqs82wmljc81-amd-libflame-5.1
  TGLIB_HOME=/nix/store/rb92fylnlkc1jfs01an1awzc9i5zggnh-tglib-d78d0a4
[TIMING] inside nix shell: 12:25:20.890268183
Building HPCCG_mpi_oss-notampi.bin...
mkdir -p obj
MPICH_CXX=clang++ OMPI_CXX=clang++ I_MPI_CXX=clang++ mpicxx -D_GNU_SOURCE -Iinclude -DWALL -O3 -ggdb3 -fno-omit-frame-pointer -ffast-math -march=native -mtune=native -DUSING_MPI -DUSING_OSS -fompss-2=libnodes -c src/mpi_interop_ompss/HPCCG.cpp -o obj/HPCCG-mpi-oss-notampi.o
MPICH_CXX=clang++ OMPI_CXX=clang++ I_MPI_CXX=clang++ mpicxx -D_GNU_SOURCE -Iinclude -DWALL -O3 -ggdb3 -fno-omit-frame-pointer -ffast-math -march=native -mtune=native -DUSING_MPI -DUSING_OSS -fompss-2=libnodes -c src/common/compute_residual.cpp -o obj/compute_residual-common-oss-notampi.o
MPICH_CXX=clang++ OMPI_CXX=clang++ I_MPI_CXX=clang++ mpicxx -D_GNU_SOURCE -Iinclude -DWALL -O3 -ggdb3 -fno-omit-frame-pointer -ffast-math -march=native -mtune=native -DUSING_MPI -DUSING_OSS -fompss-2=libnodes -c src/common/ddot.cpp -o obj/ddot-common-oss-notampi.o
MPICH_CXX=clang++ OMPI_CXX=clang++ I_MPI_CXX=clang++ mpicxx -D_GNU_SOURCE -Iinclude -DWALL -O3 -ggdb3 -fno-omit-frame-pointer -ffast-math -march=native -mtune=native -DUSING_MPI -DUSING_OSS -fompss-2=libnodes -c src/common/dump_matlab_matrix.cpp -o obj/dump_matlab_matrix-common-oss-notampi.o
MPICH_CXX=clang++ OMPI_CXX=clang++ I_MPI_CXX=clang++ mpicxx -D_GNU_SOURCE -Iinclude -DWALL -O3 -ggdb3 -fno-omit-frame-pointer -ffast-math -march=native -mtune=native -DUSING_MPI -DUSING_OSS -fompss-2=libnodes -c src/common/exchange_externals.cpp -o obj/exchange_externals-common-oss-notampi.o
MPICH_CXX=clang++ OMPI_CXX=clang++ I_MPI_CXX=clang++ mpicxx -D_GNU_SOURCE -Iinclude -DWALL -O3 -ggdb3 -fno-omit-frame-pointer -ffast-math -march=native -mtune=native -DUSING_MPI -DUSING_OSS -fompss-2=libnodes -c src/common/generate_matrix.cpp -o obj/generate_matrix-common-oss-notampi.o
MPICH_CXX=clang++ OMPI_CXX=clang++ I_MPI_CXX=clang++ mpicxx -D_GNU_SOURCE -Iinclude -DWALL -O3 -ggdb3 -fno-omit-frame-pointer -ffast-math -march=native -mtune=native -DUSING_MPI -DUSING_OSS -fompss-2=libnodes -c src/common/HPC_Sparse_Matrix.cpp -o obj/HPC_Sparse_Matrix-common-oss-notampi.o
MPICH_CXX=clang++ OMPI_CXX=clang++ I_MPI_CXX=clang++ mpicxx -D_GNU_SOURCE -Iinclude -DWALL -O3 -ggdb3 -fno-omit-frame-pointer -ffast-math -march=native -mtune=native -DUSING_MPI -DUSING_OSS -fompss-2=libnodes -c src/common/HPC_sparsemv.cpp -o obj/HPC_sparsemv-common-oss-notampi.o
MPICH_CXX=clang++ OMPI_CXX=clang++ I_MPI_CXX=clang++ mpicxx -D_GNU_SOURCE -Iinclude -DWALL -O3 -ggdb3 -fno-omit-frame-pointer -ffast-math -march=native -mtune=native -DUSING_MPI -DUSING_OSS -fompss-2=libnodes -c src/common/main.cpp -o obj/main-common-oss-notampi.o
MPICH_CXX=clang++ OMPI_CXX=clang++ I_MPI_CXX=clang++ mpicxx -D_GNU_SOURCE -Iinclude -DWALL -O3 -ggdb3 -fno-omit-frame-pointer -ffast-math -march=native -mtune=native -DUSING_MPI -DUSING_OSS -fompss-2=libnodes -c src/common/make_local_matrix.cpp -o obj/make_local_matrix-common-oss-notampi.o
MPICH_CXX=clang++ OMPI_CXX=clang++ I_MPI_CXX=clang++ mpicxx -D_GNU_SOURCE -Iinclude -DWALL -O3 -ggdb3 -fno-omit-frame-pointer -ffast-math -march=native -mtune=native -DUSING_MPI -DUSING_OSS -fompss-2=libnodes -c src/common/mytimer.cpp -o obj/mytimer-common-oss-notampi.o
MPICH_CXX=clang++ OMPI_CXX=clang++ I_MPI_CXX=clang++ mpicxx -D_GNU_SOURCE -Iinclude -DWALL -O3 -ggdb3 -fno-omit-frame-pointer -ffast-math -march=native -mtune=native -DUSING_MPI -DUSING_OSS -fompss-2=libnodes -c src/common/read_HPC_row.cpp -o obj/read_HPC_row-common-oss-notampi.o
MPICH_CXX=clang++ OMPI_CXX=clang++ I_MPI_CXX=clang++ mpicxx -D_GNU_SOURCE -Iinclude -DWALL -O3 -ggdb3 -fno-omit-frame-pointer -ffast-math -march=native -mtune=native -DUSING_MPI -DUSING_OSS -fompss-2=libnodes -c src/common/waxpby.cpp -o obj/waxpby-common-oss-notampi.o
MPICH_CXX=clang++ OMPI_CXX=clang++ I_MPI_CXX=clang++ mpicxx -D_GNU_SOURCE -Iinclude -DWALL -O3 -ggdb3 -fno-omit-frame-pointer -ffast-math -march=native -mtune=native -DUSING_MPI -DUSING_OSS -fompss-2=libnodes -c src/common/YAML_Doc.cpp -o obj/YAML_Doc-common-oss-notampi.o
MPICH_CXX=clang++ OMPI_CXX=clang++ I_MPI_CXX=clang++ mpicxx -D_GNU_SOURCE -Iinclude -DWALL -O3 -ggdb3 -fno-omit-frame-pointer -ffast-math -march=native -mtune=native -DUSING_MPI -DUSING_OSS -fompss-2=libnodes -c src/common/YAML_Element.cpp -o obj/YAML_Element-common-oss-notampi.o
MPICH_CXX=clang++ OMPI_CXX=clang++ I_MPI_CXX=clang++ mpicxx -D_GNU_SOURCE -Iinclude -DWALL -O3 -ggdb3 -fno-omit-frame-pointer -ffast-math -march=native -mtune=native -DUSING_MPI -DUSING_OSS -fompss-2=libnodes \
	obj/HPCCG-mpi-oss-notampi.o obj/compute_residual-common-oss-notampi.o obj/ddot-common-oss-notampi.o obj/dump_matlab_matrix-common-oss-notampi.o obj/exchange_externals-common-oss-notampi.o obj/generate_matrix-common-oss-notampi.o obj/HPC_Sparse_Matrix-common-oss-notampi.o obj/HPC_sparsemv-common-oss-notampi.o obj/main-common-oss-notampi.o obj/make_local_matrix-common-oss-notampi.o obj/mytimer-common-oss-notampi.o obj/read_HPC_row-common-oss-notampi.o obj/waxpby-common-oss-notampi.o obj/YAML_Doc-common-oss-notampi.o obj/YAML_Element-common-oss-notampi.o -o HPCCG_mpi_oss-notampi.bin -lm -lnuma -ltglib
[TIMING] after build check: 12:25:22.512645632
Process ID: 429011, Rank: 0, Host: fox
11. r --- Sizeof double*nrow: 339738624
12. p --- Sizeof double*ncol: 339738624
13. Ap --- Sizeof double*nrow: 339738624
14. blk_info_array --- Sizeof Blk_info*num_blocks: 768
15. deps --- Sizeof bool*ncol: 42467328
16. dep_idx_list --- Sizeof int*27*(num_blocks): 10368
17. dep_ptr_to_idx_list --- Sizeof (int *)*num_blocks: 768
18. dep_size --- Sizeof int*num_blocks: 384
Total memory allocated: 1061695488
--------------- ALLOCATIONS ---------------
NUM_PART: 4 || nrow: 42467328 || cpus: 96 || chunk: 442368 || num_blocks: 96
Initial Residual = 11255.7
fniters: 100
fnrow: 4.24673e+07
fnnz: 1.14662e+09
fnops_ddot: 1.69869e+10
fnops_waxpby: 2.54804e+10
fnops_sparsemv: 2.29324e+11
fnops: 2.71791e+11
Mini-Application Name: hpccg_ompss_ranks1_nx288_ny192_nz768_maxiter100_ntasks96_nthreads96
Mini-Application Version: 1.0
Parallelism: 
  Number of MPI ranks: 1
  Number of OmpSs cores: 96
Dimensions: 
  nx: 288
  ny: 192
  nz: 768
Number of iterations: 100
Final residual: 9.40702e-11
#********** Performance Summary (times in sec) ***********: 
Time Summary: 
  Total   : 6.49063
FLOPS Summary: 
  Total   : 2.71791e+11
MFLOPS Summary: 
  Total   : 41874.3
time,6.490634,nx,288,ny,192,nz,768,ranks,1,threads,96,ntasks,96,iterations,100,flops,271790899200.000000,mflops,41874.324673,total_mem(bytes),1061695488
[TIMING] after srun: 12:25:44.689219310
[TIMING] after nix develop exit: 12:25:44.694054234
