=== HPCCG nosvorig: nx=384 ny=384 nz=1536 ntasks=192 ===
[TIMING] before nix develop: 09:11:49.214452530
Environment variables set:
  CC=clang
  CXX=clang++
  NODES_HOME=/nix/store/c07kvghf5gm7zib1zdzkk21y8z77icyb-nodes-1.4.0
  NOSV_HOME=/nix/store/nxsh19kbfdz9krm5n7yf6g072zjiwyqa-nosv-4.0.0
  TAMPI_HOME=/nix/store/dq0ha6547fs8cc26drq13fw0wxy95k5v-tampi-4.1
  BLIS_HOME=/nix/store/az7sb7mysl0j68mvz9wwwf1ch1w5p1sb-amd-blis-5.1
  LIBFLAME_HOME=/nix/store/az7sb7mysl0j68mvz9wwwf1ch1w5p1sb-amd-blis-5.1
[TIMING] inside nix shell: 09:11:52.376079023
[TIMING] after build check: 09:11:52.380999742
Process ID: 401324, Rank: 0, Host: fox
Estimated memory to be allocated: 102.938 GiB
11. r --- Sizeof double*nrow: 1811939328
12. p --- Sizeof double*ncol: 1811939328
13. Ap --- Sizeof double*nrow: 1811939328
14. blk_info_array --- Sizeof Blk_info*num_blocks: 1536
15. deps --- Sizeof bool*ncol: 226492416
16. dep_idx_list --- Sizeof int*27*(num_blocks): 20736
17. dep_ptr_to_idx_list --- Sizeof (int *)*num_blocks: 1536
18. dep_size --- Sizeof int*num_blocks: 768
Total memory allocated: 5662334976
--------------- ALLOCATIONS ---------------
NUM_PART: 4 || nrow: 226492416 || cpus: 192 || chunk: 1179648 || num_blocks: 192
Initial Residual = 22131.1
Mini-Application Name: hpccg_ompss_fa0_ranks1_nx384_ny384_nz1536_maxiter40_ntasks192_nthreads192
Mini-Application Version: 1.0
Parallelism: 
  Number of MPI ranks: 1
  Number of OmpSs cores: 192
Dimensions: 
  nx: 384
  ny: 384
  nz: 1536
Number of iterations: 40
Final residual: 0.0940278
#********** Performance Summary (times in sec) ***********: 
Time Summary: 
  Total   : 45.1752
FLOPS Summary: 
  Total   : 5.79821e+11
MFLOPS Summary: 
  Total   : 12834.9
time,45.175185,nx,384,ny,384,nz,1536,ranks,1,threads,192,ntasks,192,iterations,40,flops,579820584960.000000,mflops,12834.935392,total_mem(bytes),5662334976
[TIMING] after srun: 09:13:53.261646680
[TIMING] after nix develop exit: 09:13:53.267217910
