warning: unable to download 'http://tent/cache/nix-cache-info': Timeout was reached (28) Connection timed out after 3001 milliseconds; retrying in 298 ms (attempt 1/5)
warning: unable to download 'http://tent/cache/nix-cache-info': Timeout was reached (28) Connection timed out after 3001 milliseconds; retrying in 502 ms (attempt 2/5)
warning: unable to download 'http://tent/cache/nix-cache-info': Timeout was reached (28) Connection timed out after 3001 milliseconds; retrying in 1074 ms (attempt 3/5)
warning: unable to download 'http://tent/cache/nix-cache-info': Timeout was reached (28) Connection timed out after 3001 milliseconds; retrying in 2131 ms (attempt 4/5)
warning: unable to download 'http://tent/cache/nix-cache-info': Timeout was reached (28) Connection timed out after 3000 milliseconds
copying path '/nix/store/87l0h75l2nnknis5ijsys5wjy7qh8hhs-bigotes-9dce13' from 'http://hut/cache'...
copying path '/nix/store/db94w3ghd4c5lm9rcafm82d9ncxvgjyq-turbostat-6.18.2' from 'https://cache.nixos.org'...
copying path '/nix/store/fqzkpwn5ijwrnrcpbggs4mwh44ddyjyi-python3.13-dill-0.4.0' from 'https://cache.nixos.org'...
copying path '/nix/store/gzz631ar0a3p0ph9nvkm1x6pqxzj0czp-source' from 'https://cache.nixos.org'...
copying path '/nix/store/jq3s2mbgl41923g1xqnk3yxa2lqyclxr-source' from 'https://cache.nixos.org'...
copying path '/nix/store/68wyv824ydrifxmjv5dhs4i73s9dqmp0-aocl-utils-5.1' from 'https://cache.nixos.org'...
copying path '/nix/store/jlv0a6iyh8vb7pfyhjj93xy245xlmgh5-gnumake-4.4.1' from 'http://hut/cache'...
building '/nix/store/9cy11cb606y4ywcbk343z1scqf5bw01q-ovni-1.13.0.drv'...
building '/nix/store/gfimvkdrihlb7bn8p14hs3y44s602vj3-clang-ompss2-a094198.drv'...
building '/nix/store/16bfqwqhw11d9qbx3ykhb23x8chm2w2d-openmp-a094198.drv'...
copying path '/nix/store/gw1r37rqp0l4j4kihzf9zr5asn2wl9mj-python3.13-multiprocess-0.70.18' from 'https://cache.nixos.org'...
building '/nix/store/ndkhvrd3iav1knwk6p7bjnyf110p3n32-python3-3.13.9-env.drv'...
building '/nix/store/c6a7pqlq9l5v09nygjsxigs0j7mw5iyp-amd-blis-5.1.drv'...
building '/nix/store/r5w4xdqng8yyx8zybvvp4axacqcgajqx-nosv-haffsched-local-hwc-counters.drv'...
building '/nix/store/7kncy8nv48q7v61iipf1sg17di76p4dv-tampi-4.1.drv'...
building '/nix/store/j0bbvfi76adx7aicq3wd350aaxhlq8bg-amd-libflame-5.1.drv'...
building '/nix/store/bx43yrfkz8862vq6xr9lb4ly1lcv7f6b-nodes-haffsched-debug2.drv'...
building '/nix/store/i9ml689h57prrb4ni84in7awc4pvs121-llvm-binutils-21.1.2.drv'...
building '/nix/store/a1nybqqry2yjiz42b19gqfi07pyxcfxm-llvm-binutils-wrapper-21.1.2.drv'...
building '/nix/store/hq5pnvl7z29bzawj8whkdwgch5y3y8f2-clang-ompss2-wrapper-a094198.drv'...
building '/nix/store/i08wl6jya4a4cjkxnn71jr5aclfpaf3q-tglib-d78d0a4.drv'...
building '/nix/store/k4745wgj0cyhd3xhr7b5r99vikx41mjj-nix-shell-env.drv'...
srun: Setting --cpu-bind=threads,verbose as a default of --threads-per-core use
srun: Updating SLURM_TRES_PER_TASK to cpu=96 as --cpus-per-task takes precedence over the environment variables.
srun: Following options are mutually exclusive with --hint: --ntasks-per-core, --cores-per-socket, --threads-per-core, --sockets-per-node, -B and --cpu-bind (other than --cpu-bind=verbose). Ignoring --hint.
srun: defined options
srun: -------------------- --------------------
srun: (null)              : fox
srun: cpu-bind            : verbose
srun: cpus-per-task       : 96
srun: exclusive           : exclusive
srun: jobid               : 56836
srun: job-name            : submit_reproduce.job
srun: mem-per-cpu         : 4008
srun: nodes               : 1
srun: ntasks-per-node     : 1
srun: oom-kill-step       : 0
srun: threads-per-core    : 1
srun: tres-per-task       : cpu=96
srun: verbose             : 1
srun: -------------------- --------------------
srun: end of defined options
srun: jobid 56836: nodes(1):`fox', cpu counts: 192(x1)
srun: CpuBindType=verbose,threads
srun: launching StepId=56836.0 on host fox, 1 tasks: 0
cpu-bind=MASK - fox, task  0  0 [3387352]: mask 0xffffffffffffffffffffffff set
srun: Node fox, 1 tasks started
NOS-V WARNING in ./src/include/scheduler/cpubitset.h:264:cpu_bitset_print_mask(): Effective binding: {0-95}
VVV_UPPER_LVL set to: NUMA (default)
VVV_LOWER_LVL set to: core
VVV_TG_POLICY set to: PRIO
VVV_TG_ENABLED effective value: 1
VVV_AFF_FLEXIBLE effective value: 0
VVV_TG_ENABLED set to: 1 (enabled)
tglib_manager values:
  tg_enabled      = 1
  upper_level     = 1
  lower_level     = 3
  sched_policy    = 5
  flexible_aff    = 0
  num_task_groups = 0
  taskgroups ptr  = (nil)
INFO: tglib_create_taskgroups_per_domain: num_doms = 96 lower_level=3
INFO: tglib_create_taskgroups_per_domain: Creating 96 task groups
srun: Received task exit notification for 1 task of StepId=56836.0 (status=0x0000).
srun: fox: task 0: Completed
