srun: Updating SLURM_TRES_PER_TASK to cpu=192 as --cpus-per-task takes precedence over the environment variables.
srun: Following options are mutually exclusive with --hint: --ntasks-per-core, --cores-per-socket, --threads-per-core, --sockets-per-node, -B and --cpu-bind (other than --cpu-bind=verbose). Ignoring --hint.
srun: defined options
srun: -------------------- --------------------
srun: (null)              : fox
srun: cpu-bind            : (null)
srun: cpus-per-task       : 192
srun: exclusive           : exclusive
srun: jobid               : 52482
srun: job-name            : submit_reproduce.job
srun: mem-per-cpu         : 4008
srun: nodes               : 1
srun: ntasks-per-node     : 1
srun: oom-kill-step       : 0
srun: threads-per-core    : 1
srun: tres-per-task       : cpu=192
srun: verbose             : 1
srun: -------------------- --------------------
srun: end of defined options
srun: jobid 52482: nodes(1):`fox', cpu counts: 192(x1)
srun: CpuBindType=verbose,none
srun: launching StepId=52482.0 on host fox, 1 tasks: 0
cpu-bind=NONE - fox, task  0  0 [411441]: mask 0xffffffffffffffffffffffffffffffffffffffffffffffff
srun: Node fox, 1 tasks started
NOS-V WARNING in topo_init(): Binding parsed from config: 0-191
Allocating 90.00 GiB of memory
valloc: allocation mode = mmap
VALLOC: [Proc 411441, Thread 126336051963584] BEFORE mbind: thread_policy=0 thread_nodemask=0x0 addr_policy=0 addr_nodemask=0x0
VALLOC: [Proc 411441, Thread 126336051963584] AFTER  mbind: thread_policy=0 thread_nodemask=0x0 addr_policy=4 addr_nodemask=0x0
VALLOC: [Proc 411441, Thread 126336051963584] BEFORE mbind: thread_policy=0 thread_nodemask=0x0 addr_policy=0 addr_nodemask=0x0
VALLOC: [Proc 411441, Thread 126336051963584] AFTER  mbind: thread_policy=0 thread_nodemask=0x0 addr_policy=4 addr_nodemask=0x0
VALLOC: [Proc 411441, Thread 126336051963584] BEFORE mbind: thread_policy=0 thread_nodemask=0x0 addr_policy=0 addr_nodemask=0x0
VALLOC: [Proc 411441, Thread 126336051963584] AFTER  mbind: thread_policy=0 thread_nodemask=0x0 addr_policy=4 addr_nodemask=0x0
VALLOC: [Proc 411441, Thread 126336051963584] BEFORE mbind: thread_policy=0 thread_nodemask=0x0 addr_policy=0 addr_nodemask=0x0
VALLOC: [Proc 411441, Thread 126336051963584] AFTER  mbind: thread_policy=0 thread_nodemask=0x0 addr_policy=4 addr_nodemask=0x0
VALLOC: [Proc 411441, Thread 126336051963584] BEFORE mbind: thread_policy=0 thread_nodemask=0x0 addr_policy=0 addr_nodemask=0x0
VALLOC: [Proc 411441, Thread 126336051963584] AFTER  mbind: thread_policy=0 thread_nodemask=0x0 addr_policy=4 addr_nodemask=0x0
srun: Received task exit notification for 1 task of StepId=52482.0 (status=0x0000).
srun: fox: task 0: Completed
