srun: Updating SLURM_TRES_PER_TASK to cpu=192 as --cpus-per-task takes precedence over the environment variables.
srun: Following options are mutually exclusive with --hint: --ntasks-per-core, --cores-per-socket, --threads-per-core, --sockets-per-node, -B and --cpu-bind (other than --cpu-bind=verbose). Ignoring --hint.
srun: defined options
srun: -------------------- --------------------
srun: (null)              : fox
srun: cpu-bind            : (null)
srun: cpus-per-task       : 192
srun: exclusive           : exclusive
srun: jobid               : 52558
srun: job-name            : submit_reproduce.job
srun: mem-per-cpu         : 4008
srun: nodes               : 1
srun: ntasks-per-node     : 1
srun: oom-kill-step       : 0
srun: threads-per-core    : 1
srun: tres-per-task       : cpu=192
srun: verbose             : 1
srun: -------------------- --------------------
srun: end of defined options
srun: jobid 52558: nodes(1):`fox', cpu counts: 192(x1)
srun: CpuBindType=verbose,none
srun: launching StepId=52558.0 on host fox, 1 tasks: 0
cpu-bind=NONE - fox, task  0  0 [436708]: mask 0xffffffffffffffffffffffffffffffffffffffffffffffff
srun: Node fox, 1 tasks started
NOS-V WARNING in ./src/include/scheduler/cpubitset.h:264:cpu_bitset_print_mask(): Effective binding: {0-191}
VVV_UPPER_LVL set to: node
VVV_LOWER_LVL set to: numa
VVV_TG_POLICY set to: PRIO (default)
VVV_TG_ENABLED effective value: 1
VVV_AFF_FLEXIBLE effective value: 1
VVV_TG_ENABLED set to: 1 (enabled)
tglib_manager values:
  tg_enabled      = 1
  upper_level     = 0
  lower_level     = 1
  sched_policy    = 5
  flexible_aff    = 1
  num_task_groups = 0
  taskgroups ptr  = (nil)
  L3 domain size: 96 MiB (VVV_L3_SIZE_MIB=96)
  Affinity tuning: force_nblocks=1 (VVV_FORCE_NBLOCKS=1)
  Warning: cannot factor 8 domains into a valid 2D grid for 96 x 96 tiles — falling back to L3-optimal sizing.
Matmul 2D Task Group Creation Report:
  Matrix tile grid: 96 rows x 96 cols (k-dim: 96)
  Tile size: 512 x 512 = 2048.00 KiB
  2D superblock: Sr=6 x Sc=6 tiles (row balance: exact, col balance: exact)
  Working set per block: 48 tiles = 96.00 MiB (C=36 + A=6 + B=6)
  Superblock grid: 16 x 16 = 256 blocks
  All superblocks are equal size — perfect load balance
  Hierarchy mode: flat
  Affinity: lower=numa upper=node flexible=1 force_nblocks=1
  Available lower-level domains: 8
  Block distribution per lower-level domain:
    domain 0: 32 blocks
    domain 1: 32 blocks
    domain 2: 32 blocks
    domain 3: 32 blocks
    domain 4: 32 blocks
    domain 5: 32 blocks
    domain 6: 32 blocks
    domain 7: 32 blocks
Allocating 90.00 GiB of memory
[Proc 436708, Thread 137261224019648] BEFORE mbind: thread_policy=0 thread_nodemask=0x0 addr_policy=0 addr_nodemask=0x0
[Proc 436708, Thread 137261224019648] AFTER  mbind: thread_policy=0 thread_nodemask=0x0 addr_policy=4 addr_nodemask=0x0
[Proc 436708, Thread 137261224019648] BEFORE mbind: thread_policy=0 thread_nodemask=0x0 addr_policy=0 addr_nodemask=0x0
[Proc 436708, Thread 137261224019648] AFTER  mbind: thread_policy=0 thread_nodemask=0x0 addr_policy=4 addr_nodemask=0x0
[Proc 436708, Thread 137261224019648] BEFORE mbind: thread_policy=0 thread_nodemask=0x0 addr_policy=0 addr_nodemask=0x0
[Proc 436708, Thread 137261224019648] AFTER  mbind: thread_policy=0 thread_nodemask=0x0 addr_policy=4 addr_nodemask=0x0
[Proc 436708, Thread 137261224019648] BEFORE mbind: thread_policy=0 thread_nodemask=0x0 addr_policy=0 addr_nodemask=0x0
[Proc 436708, Thread 137261224019648] AFTER  mbind: thread_policy=0 thread_nodemask=0x0 addr_policy=4 addr_nodemask=0x0
[Proc 436708, Thread 137261224019648] BEFORE mbind: thread_policy=0 thread_nodemask=0x0 addr_policy=0 addr_nodemask=0x0
[Proc 436708, Thread 137261224019648] AFTER  mbind: thread_policy=0 thread_nodemask=0x0 addr_policy=4 addr_nodemask=0x0
srun: Received task exit notification for 1 task of StepId=52558.0 (status=0x0000).
srun: fox: task 0: Completed
