=== Matmul baseline: N=6144 ITS=100 CPUS=96 NUMA=0 ===
[TIMING] before nix develop: 15:20:23.359081415
Environment variables set:
  CC=/nix/store/bpmq0ln49bp0iak5xlmqgib0vlywz64n-clang-wrapper-21.1.2/bin/clang
  CXX=/nix/store/bpmq0ln49bp0iak5xlmqgib0vlywz64n-clang-wrapper-21.1.2/bin/clang++
  BLIS_HOME=/nix/store/d3gl28i7m8bxyla9vhgdn5nwjnjip4b6-amd-blis-5.1
  LIBFLAME_HOME=/nix/store/16cj32h5mdv4aqbd12ncngih2906x308-amd-libflame-5.1
[TIMING] inside nix shell: 15:20:26.151831699
[TIMING] after build check: 15:20:26.154743366
Matrix size input by command line: 6144
Repeat multiply 100 times.
Alpha =    1.000000
Beta  =    1.000000
Allocating Matrices...
NUMA interleaved subset nodes: 0 1 2 3
NUMA interleaved allocation enabled
Allocation complete, populating with values...
Performing multiplication...
Calculating matrix check...

===============================================================
Final Sum is:         6144.010000
Memory for Matrices:  864.000000 MB
Multiply time:        13.687330 seconds
FLOPs computed:       46393196544000.000000
GFLOP/s rate:         3389.499380 GF/s
===============================================================

[TIMING] after run: 15:20:40.108605541
[TIMING] after nix develop exit: 15:20:40.113723432
