=== HPCCG nosvorig: nx=384 ny=384 nz=1536 ntasks=3072 ===
[TIMING] before nix develop: 09:25:53.775000619
Environment variables set:
  CC=clang
  CXX=clang++
  NODES_HOME=/nix/store/c07kvghf5gm7zib1zdzkk21y8z77icyb-nodes-1.4.0
  NOSV_HOME=/nix/store/nxsh19kbfdz9krm5n7yf6g072zjiwyqa-nosv-4.0.0
  TAMPI_HOME=/nix/store/dq0ha6547fs8cc26drq13fw0wxy95k5v-tampi-4.1
  BLIS_HOME=/nix/store/az7sb7mysl0j68mvz9wwwf1ch1w5p1sb-amd-blis-5.1
  LIBFLAME_HOME=/nix/store/az7sb7mysl0j68mvz9wwwf1ch1w5p1sb-amd-blis-5.1
[TIMING] inside nix shell: 09:25:56.963311087
[TIMING] after build check: 09:25:56.968744058
Process ID: 402197, Rank: 0, Host: fox
Estimated memory to be allocated: 102.938 GiB
11. r --- Sizeof double*nrow: 1811939328
12. p --- Sizeof double*ncol: 1811939328
13. Ap --- Sizeof double*nrow: 1811939328
14. blk_info_array --- Sizeof Blk_info*num_blocks: 24576
15. deps --- Sizeof bool*ncol: 226492416
16. dep_idx_list --- Sizeof int*27*(num_blocks): 331776
17. dep_ptr_to_idx_list --- Sizeof (int *)*num_blocks: 24576
18. dep_size --- Sizeof int*num_blocks: 12288
Total memory allocated: 5662703616
--------------- ALLOCATIONS ---------------
NUM_PART: 4 || nrow: 226492416 || cpus: 192 || chunk: 73728 || num_blocks: 3072
Initial Residual = 22131.1
Mini-Application Name: hpccg_ompss_fa0_ranks1_nx384_ny384_nz1536_maxiter40_ntasks3072_nthreads192
Mini-Application Version: 1.0
Parallelism: 
  Number of MPI ranks: 1
  Number of OmpSs cores: 192
Dimensions: 
  nx: 384
  ny: 384
  nz: 1536
Number of iterations: 40
Final residual: 0.0940278
#********** Performance Summary (times in sec) ***********: 
Time Summary: 
  Total   : 42.298
FLOPS Summary: 
  Total   : 5.79821e+11
MFLOPS Summary: 
  Total   : 13708
time,42.298019,nx,384,ny,384,nz,1536,ranks,1,threads,192,ntasks,3072,iterations,40,flops,579820584960.000000,mflops,13707.984298,total_mem(bytes),5662703616
[TIMING] after srun: 09:32:01.859579274
[TIMING] after nix develop exit: 09:32:01.865726678
