=== Cholesky nosvorig: N=6144 TS=128 ===
NOSV_CONFIG_OVERRIDE=topology.binding=inherit,monitoring.enabled=false,monitoring.verbose=false,hwcounters.backend=none,scheduler.immediate_successor=true,instrumentation.version=none
[TIMING] before nix develop: 08:37:05.088353489
Environment variables set:
  CC=clang
  CXX=clang++
  NODES_HOME=/nix/store/c07kvghf5gm7zib1zdzkk21y8z77icyb-nodes-1.4.0
  NOSV_HOME=/nix/store/nxsh19kbfdz9krm5n7yf6g072zjiwyqa-nosv-4.0.0
  TAMPI_HOME=/nix/store/dq0ha6547fs8cc26drq13fw0wxy95k5v-tampi-4.1
  BLIS_HOME=/nix/store/az7sb7mysl0j68mvz9wwwf1ch1w5p1sb-amd-blis-5.1
  LIBFLAME_HOME=/nix/store/az7sb7mysl0j68mvz9wwwf1ch1w5p1sb-amd-blis-5.1
[TIMING] inside nix shell: 08:37:08.259809566
Building cholesky_oss.bin...
mkdir -p obj
clang -D_GNU_SOURCE -O3 -g -ffast-math -march=native -mtune=native -I/include -fompss-2=libnodes -DUSE_BLIS -I/nix/store/az7sb7mysl0j68mvz9wwwf1ch1w5p1sb-amd-blis-5.1/include/blis -DUSE_BLIS -I/nix/store/xqbv5fi9wpql9rrngifhnqs82wmljc81-amd-libflame-5.1/include -c cholesky.c -o obj/cholesky-oss.o
clang -D_GNU_SOURCE -O3 -g -ffast-math -march=native -mtune=native -I/include -fompss-2=libnodes obj/cholesky-oss.o -o cholesky_oss.bin -lm -lnuma -lvalloc -lcblas -L/nix/store/xqbv5fi9wpql9rrngifhnqs82wmljc81-amd-libflame-5.1/lib -lflame -L/lib -lovni
[TIMING] after build check: 08:37:08.660127961
Matrix size: 301989888 bytes
Matrix dimensions: 6144 x 6144
NUMA page distribution for matrix a (73728 pages, page_size=4096):
  NUMA node 0: 18880 pages (25.61%)
  NUMA node 1: 18272 pages (24.78%)
  NUMA node 2: 18336 pages (24.87%)
  NUMA node 3: 18240 pages (24.74%)
NUMA page distribution for matrix a (73728 pages, page_size=4096):
  NUMA node 0: 18880 pages (25.61%)
  NUMA node 1: 18272 pages (24.78%)
  NUMA node 2: 18336 pages (24.87%)
  NUMA node 3: 18240 pages (24.74%)
Printing result:   5.510320e-02   1.389306e+03           6144            128
[TIMING] after srun: 08:37:09.132133256
[TIMING] after nix develop exit: 08:37:09.137389370
