=== Cholesky nosvorig: N=33792 TS=1024 ===
NOSV_CONFIG_OVERRIDE=topology.binding=inherit,monitoring.enabled=false,monitoring.verbose=false,hwcounters.backend=none,scheduler.immediate_successor=true,instrumentation.version=none
[TIMING] before nix develop: 08:38:41.099973481
Environment variables set:
  CC=clang
  CXX=clang++
  NODES_HOME=/nix/store/c07kvghf5gm7zib1zdzkk21y8z77icyb-nodes-1.4.0
  NOSV_HOME=/nix/store/nxsh19kbfdz9krm5n7yf6g072zjiwyqa-nosv-4.0.0
  TAMPI_HOME=/nix/store/dq0ha6547fs8cc26drq13fw0wxy95k5v-tampi-4.1
  BLIS_HOME=/nix/store/az7sb7mysl0j68mvz9wwwf1ch1w5p1sb-amd-blis-5.1
  LIBFLAME_HOME=/nix/store/az7sb7mysl0j68mvz9wwwf1ch1w5p1sb-amd-blis-5.1
[TIMING] inside nix shell: 08:38:43.729440169
[TIMING] after build check: 08:38:43.732485634
Matrix size: 9135194112 bytes
Matrix dimensions: 33792 x 33792
NUMA page distribution for matrix a (2230272 pages, page_size=4096):
  NUMA node 0: 196608 pages (8.82%)
  NUMA node 1: 196608 pages (8.82%)
  NUMA node 2: 196608 pages (8.82%)
  NUMA node 3: 196608 pages (8.82%)
  NUMA node 4: 344064 pages (15.43%)
  NUMA node 5: 378880 pages (16.99%)
  NUMA node 6: 358400 pages (16.07%)
  NUMA node 7: 362496 pages (16.25%)
NUMA page distribution for matrix a (2230272 pages, page_size=4096):
  NUMA node 0: 196608 pages (8.82%)
  NUMA node 1: 196608 pages (8.82%)
  NUMA node 2: 196608 pages (8.82%)
  NUMA node 3: 196608 pages (8.82%)
  NUMA node 4: 344064 pages (15.43%)
  NUMA node 5: 378880 pages (16.99%)
  NUMA node 6: 358400 pages (16.07%)
  NUMA node 7: 362496 pages (16.25%)
Printing result:   2.846265e+00   4.474039e+03          33792           1024
[TIMING] after srun: 08:38:51.631790545
[TIMING] after nix develop exit: 08:38:51.636892067
