=== Cholesky nosvorig: N=33792 TS=512 ===
NOSV_CONFIG_OVERRIDE=topology.binding=inherit,monitoring.enabled=false,monitoring.verbose=false,hwcounters.backend=none,scheduler.immediate_successor=true,instrumentation.version=none
[TIMING] before nix develop: 08:38:12.549645608
Environment variables set:
  CC=clang
  CXX=clang++
  NODES_HOME=/nix/store/c07kvghf5gm7zib1zdzkk21y8z77icyb-nodes-1.4.0
  NOSV_HOME=/nix/store/nxsh19kbfdz9krm5n7yf6g072zjiwyqa-nosv-4.0.0
  TAMPI_HOME=/nix/store/dq0ha6547fs8cc26drq13fw0wxy95k5v-tampi-4.1
  BLIS_HOME=/nix/store/az7sb7mysl0j68mvz9wwwf1ch1w5p1sb-amd-blis-5.1
  LIBFLAME_HOME=/nix/store/az7sb7mysl0j68mvz9wwwf1ch1w5p1sb-amd-blis-5.1
[TIMING] inside nix shell: 08:38:15.511794054
[TIMING] after build check: 08:38:15.514642395
Matrix size: 9135194112 bytes
Matrix dimensions: 33792 x 33792
NUMA page distribution for matrix a (2230272 pages, page_size=4096):
  NUMA node 0: 371712 pages (16.67%)
  NUMA node 1: 378880 pages (16.99%)
  NUMA node 2: 371712 pages (16.67%)
  NUMA node 3: 379392 pages (17.01%)
  NUMA node 4: 184320 pages (8.26%)
  NUMA node 5: 175104 pages (7.85%)
  NUMA node 6: 184320 pages (8.26%)
  NUMA node 7: 184832 pages (8.29%)
NUMA page distribution for matrix a (2230272 pages, page_size=4096):
  NUMA node 0: 371712 pages (16.67%)
  NUMA node 1: 378880 pages (16.99%)
  NUMA node 2: 371712 pages (16.67%)
  NUMA node 3: 379392 pages (17.01%)
  NUMA node 4: 184320 pages (8.26%)
  NUMA node 5: 175104 pages (7.85%)
  NUMA node 6: 184320 pages (8.26%)
  NUMA node 7: 184832 pages (8.29%)
Printing result:   2.159485e+00   5.896916e+03          33792            512
[TIMING] after srun: 08:38:22.093292554
[TIMING] after nix develop exit: 08:38:22.098396715
