srun: Setting --cpu-bind=threads,verbose as a default of --threads-per-core use
srun: Updating SLURM_TRES_PER_TASK to cpu=96 as --cpus-per-task takes precedence over the environment variables.
srun: Following options are mutually exclusive with --hint: --ntasks-per-core, --cores-per-socket, --threads-per-core, --sockets-per-node, -B and --cpu-bind (other than --cpu-bind=verbose). Ignoring --hint.
srun: defined options
srun: -------------------- --------------------
srun: (null)              : fox
srun: cpu-bind            : verbose
srun: cpus-per-task       : 96
srun: exclusive           : exclusive
srun: jobid               : 52343
srun: job-name            : submit_reproduce.job
srun: mem-per-cpu         : 4008
srun: nodes               : 1
srun: ntasks-per-node     : 1
srun: oom-kill-step       : 0
srun: threads-per-core    : 1
srun: tres-per-task       : cpu=96
srun: verbose             : 1
srun: -------------------- --------------------
srun: end of defined options
srun: jobid 52343: nodes(1):`fox', cpu counts: 192(x1)
srun: CpuBindType=verbose,threads
srun: launching StepId=52343.0 on host fox, 1 tasks: 0
cpu-bind=MASK - fox, task  0  0 [425365]: mask 0xffffffffffffffffffffffff set
srun: Node fox, 1 tasks started
NOS-V WARNING in ./src/include/scheduler/cpubitset.h:264:cpu_bitset_print_mask(): Effective binding: {0-95}
Starting Heat Solver with OmpSs-2
VVV_UPPER_LVL set to: cs
VVV_LOWER_LVL set to: cs
VVV_TG_POLICY set to: PRIO
VVV_TG_ENABLED effective value: 1
VVV_AFF_FLEXIBLE effective value: 0
VVV_TG_ENABLED set to: 1 (enabled)
tglib_manager values:
  tg_enabled      = 1
  upper_level     = 2
  lower_level     = 2
  sched_policy    = 5
  flexible_aff    = 0
  num_task_groups = 0
  taskgroups ptr  = (nil)
INFO: tglib_create_taskgroups_per_domain: num_doms = 12 lower_level=2
INFO: tglib_create_taskgroups_per_domain: Creating 12 task groups
[Proc 425365, Thread 123622614087360] BEFORE mbind: thread_policy=0 thread_nodemask=0x0 addr_policy=0 addr_nodemask=0x0
[Proc 425365, Thread 123622614087360] AFTER  mbind: thread_policy=0 thread_nodemask=0x0 addr_policy=4 addr_nodemask=0x0
Starting warmup
create start:       0.032242
create end: 0.032540
	create duration: 0.000297
exec start: 0.032543
exec end: 0.119097
	exec duration: 0.086554
Starting benchmark
create start:       0.619264
create end: 0.989949
	create duration: 0.370685
exec start: 0.990447
exec end: 8.522241
	exec duration: 7.531794
srun: Received task exit notification for 1 task of StepId=52343.0 (status=0x0000).
srun: fox: task 0: Completed
