=== Matmul HSF: N=6144 M=6144 TS=192 ITS=20 ===
VVV_TG_ENABLED=1 VVV_LOWER_LVL=cs VVV_UPPER_LVL=cs
[TIMING] before nix develop: 13:37:39.363198951
Environment variables set:
  CC=clang
  CXX=clang++
  PAPI_HOME=/nix/store/lrhn2sdjgmbsjb22kk5rsaysr419rnly-papi-7.2.0
  OVNI_HOME=/nix/store/xnpsfn4ys2wlz3l6k50ygfzj01jc1kir-ovni-1.13.0
  NODES_HOME=/nix/store/g84v80gmx1mhshfddqxs9lbqrvcf8xcv-nodes-haffsched-debug2
  NOSV_HOME=/nix/store/y1hg258pxa0lxg78vqvxisvffygnbnxh-nosv-haffsched-local-hwc-counters
  TAMPI_HOME=/nix/store/dq0ha6547fs8cc26drq13fw0wxy95k5v-tampi-4.1
  BLIS_HOME=/nix/store/az7sb7mysl0j68mvz9wwwf1ch1w5p1sb-amd-blis-5.1
  LIBFLAME_HOME=/nix/store/xqbv5fi9wpql9rrngifhnqs82wmljc81-amd-libflame-5.1
  TGLIB_HOME=/nix/store/rb92fylnlkc1jfs01an1awzc9i5zggnh-tglib-d78d0a4
[TIMING] inside nix shell: 13:37:41.436497631
Building...
MPICH_CC=clang I_MPI_CC=clang OMPI_CC=clang mpicc -Isrc -D_GNU_SOURCE -g -std=c11 -O3 -ffast-math -march=native -mtune=native -fompss-2=libnodes -DUSE_BLIS -I/nix/store/az7sb7mysl0j68mvz9wwwf1ch1w5p1sb-amd-blis-5.1/include/blis -I/nix/store/dq0ha6547fs8cc26drq13fw0wxy95k5v-tampi-4.1/include -DTAMPI src/common/matmul.c src/mpi/main.c src/mpi/matmul_ompss2_itampi.c -o 02.matmul_ompss2_itampi.bin -ltampi-c -L/nix/store/dq0ha6547fs8cc26drq13fw0wxy95k5v-tampi-4.1/lib -Wl,--enable-new-dtags -Wl,-rpath=/nix/store/dq0ha6547fs8cc26drq13fw0wxy95k5v-tampi-4.1/lib -lrt -lm -lcblas -ltglib
[TIMING] after build check: 13:37:42.290038320
Printing result   2.703176e+00 6144 6144 20 192   3.431937e+03
[TIMING] after srun: 13:37:45.789445338
[TIMING] after nix develop exit: 13:37:45.794889573
