=== HPCCG nosvorig: nx=288 ny=192 nz=768 ntasks=96 ===
[TIMING] before nix develop: 08:57:12.797120516
Environment variables set:
  CC=clang
  CXX=clang++
  NODES_HOME=/nix/store/c07kvghf5gm7zib1zdzkk21y8z77icyb-nodes-1.4.0
  NOSV_HOME=/nix/store/nxsh19kbfdz9krm5n7yf6g072zjiwyqa-nosv-4.0.0
  TAMPI_HOME=/nix/store/dq0ha6547fs8cc26drq13fw0wxy95k5v-tampi-4.1
  BLIS_HOME=/nix/store/az7sb7mysl0j68mvz9wwwf1ch1w5p1sb-amd-blis-5.1
  LIBFLAME_HOME=/nix/store/az7sb7mysl0j68mvz9wwwf1ch1w5p1sb-amd-blis-5.1
[TIMING] inside nix shell: 08:57:15.750557916
Building HPCCG_mpi_oss-notampi.bin...
MPICH_CXX=clang++ OMPI_CXX=clang++ I_MPI_CXX=clang++ mpicxx -Iinclude -DWALL -O3 -g -ffast-math -march=native -mtune=native -DUSING_MPI -DUSING_OSS -fompss-2=libnodes -c src/mpi_interop_ompss/HPCCG.cpp -o obj/HPCCG-mpi-oss-notampi.o
MPICH_CXX=clang++ OMPI_CXX=clang++ I_MPI_CXX=clang++ mpicxx -Iinclude -DWALL -O3 -g -ffast-math -march=native -mtune=native -DUSING_MPI -DUSING_OSS -fompss-2=libnodes -c src/common/compute_residual.cpp -o obj/compute_residual-common-oss-notampi.o
MPICH_CXX=clang++ OMPI_CXX=clang++ I_MPI_CXX=clang++ mpicxx -Iinclude -DWALL -O3 -g -ffast-math -march=native -mtune=native -DUSING_MPI -DUSING_OSS -fompss-2=libnodes -c src/common/ddot.cpp -o obj/ddot-common-oss-notampi.o
MPICH_CXX=clang++ OMPI_CXX=clang++ I_MPI_CXX=clang++ mpicxx -Iinclude -DWALL -O3 -g -ffast-math -march=native -mtune=native -DUSING_MPI -DUSING_OSS -fompss-2=libnodes -c src/common/dump_matlab_matrix.cpp -o obj/dump_matlab_matrix-common-oss-notampi.o
MPICH_CXX=clang++ OMPI_CXX=clang++ I_MPI_CXX=clang++ mpicxx -Iinclude -DWALL -O3 -g -ffast-math -march=native -mtune=native -DUSING_MPI -DUSING_OSS -fompss-2=libnodes -c src/common/exchange_externals.cpp -o obj/exchange_externals-common-oss-notampi.o
MPICH_CXX=clang++ OMPI_CXX=clang++ I_MPI_CXX=clang++ mpicxx -Iinclude -DWALL -O3 -g -ffast-math -march=native -mtune=native -DUSING_MPI -DUSING_OSS -fompss-2=libnodes -c src/common/generate_matrix.cpp -o obj/generate_matrix-common-oss-notampi.o
MPICH_CXX=clang++ OMPI_CXX=clang++ I_MPI_CXX=clang++ mpicxx -Iinclude -DWALL -O3 -g -ffast-math -march=native -mtune=native -DUSING_MPI -DUSING_OSS -fompss-2=libnodes -c src/common/HPC_Sparse_Matrix.cpp -o obj/HPC_Sparse_Matrix-common-oss-notampi.o
MPICH_CXX=clang++ OMPI_CXX=clang++ I_MPI_CXX=clang++ mpicxx -Iinclude -DWALL -O3 -g -ffast-math -march=native -mtune=native -DUSING_MPI -DUSING_OSS -fompss-2=libnodes -c src/common/HPC_sparsemv.cpp -o obj/HPC_sparsemv-common-oss-notampi.o
MPICH_CXX=clang++ OMPI_CXX=clang++ I_MPI_CXX=clang++ mpicxx -Iinclude -DWALL -O3 -g -ffast-math -march=native -mtune=native -DUSING_MPI -DUSING_OSS -fompss-2=libnodes -c src/common/main.cpp -o obj/main-common-oss-notampi.o
MPICH_CXX=clang++ OMPI_CXX=clang++ I_MPI_CXX=clang++ mpicxx -Iinclude -DWALL -O3 -g -ffast-math -march=native -mtune=native -DUSING_MPI -DUSING_OSS -fompss-2=libnodes -c src/common/make_local_matrix.cpp -o obj/make_local_matrix-common-oss-notampi.o
MPICH_CXX=clang++ OMPI_CXX=clang++ I_MPI_CXX=clang++ mpicxx -Iinclude -DWALL -O3 -g -ffast-math -march=native -mtune=native -DUSING_MPI -DUSING_OSS -fompss-2=libnodes -c src/common/mytimer.cpp -o obj/mytimer-common-oss-notampi.o
MPICH_CXX=clang++ OMPI_CXX=clang++ I_MPI_CXX=clang++ mpicxx -Iinclude -DWALL -O3 -g -ffast-math -march=native -mtune=native -DUSING_MPI -DUSING_OSS -fompss-2=libnodes -c src/common/read_HPC_row.cpp -o obj/read_HPC_row-common-oss-notampi.o
MPICH_CXX=clang++ OMPI_CXX=clang++ I_MPI_CXX=clang++ mpicxx -Iinclude -DWALL -O3 -g -ffast-math -march=native -mtune=native -DUSING_MPI -DUSING_OSS -fompss-2=libnodes -c src/common/waxpby.cpp -o obj/waxpby-common-oss-notampi.o
MPICH_CXX=clang++ OMPI_CXX=clang++ I_MPI_CXX=clang++ mpicxx -Iinclude -DWALL -O3 -g -ffast-math -march=native -mtune=native -DUSING_MPI -DUSING_OSS -fompss-2=libnodes -c src/common/YAML_Doc.cpp -o obj/YAML_Doc-common-oss-notampi.o
MPICH_CXX=clang++ OMPI_CXX=clang++ I_MPI_CXX=clang++ mpicxx -Iinclude -DWALL -O3 -g -ffast-math -march=native -mtune=native -DUSING_MPI -DUSING_OSS -fompss-2=libnodes -c src/common/YAML_Element.cpp -o obj/YAML_Element-common-oss-notampi.o
MPICH_CXX=clang++ OMPI_CXX=clang++ I_MPI_CXX=clang++ mpicxx -Iinclude -DWALL -O3 -g -ffast-math -march=native -mtune=native -DUSING_MPI -DUSING_OSS -fompss-2=libnodes \
	obj/HPCCG-mpi-oss-notampi.o obj/compute_residual-common-oss-notampi.o obj/ddot-common-oss-notampi.o obj/dump_matlab_matrix-common-oss-notampi.o obj/exchange_externals-common-oss-notampi.o obj/generate_matrix-common-oss-notampi.o obj/HPC_Sparse_Matrix-common-oss-notampi.o obj/HPC_sparsemv-common-oss-notampi.o obj/main-common-oss-notampi.o obj/make_local_matrix-common-oss-notampi.o obj/mytimer-common-oss-notampi.o obj/read_HPC_row-common-oss-notampi.o obj/waxpby-common-oss-notampi.o obj/YAML_Doc-common-oss-notampi.o obj/YAML_Element-common-oss-notampi.o -o HPCCG_mpi_oss-notampi.bin -lm -lnuma -lvalloc
[TIMING] after build check: 08:57:17.322835398
Process ID: 399078, Rank: 0, Host: fox
Estimated memory to be allocated: 19.3008 GiB
11. r --- Sizeof double*nrow: 339738624
12. p --- Sizeof double*ncol: 339738624
13. Ap --- Sizeof double*nrow: 339738624
14. blk_info_array --- Sizeof Blk_info*num_blocks: 768
15. deps --- Sizeof bool*ncol: 42467328
16. dep_idx_list --- Sizeof int*27*(num_blocks): 10368
17. dep_ptr_to_idx_list --- Sizeof (int *)*num_blocks: 768
18. dep_size --- Sizeof int*num_blocks: 384
Total memory allocated: 1061695488
--------------- ALLOCATIONS ---------------
NUM_PART: 4 || nrow: 42467328 || cpus: 96 || chunk: 442368 || num_blocks: 96
Initial Residual = 11255.7
Mini-Application Name: hpccg_ompss_fa0_ranks1_nx288_ny192_nz768_maxiter100_ntasks96_nthreads96
Mini-Application Version: 1.0
Parallelism: 
  Number of MPI ranks: 1
  Number of OmpSs cores: 96
Dimensions: 
  nx: 288
  ny: 192
  nz: 768
Number of iterations: 100
Final residual: 9.40702e-11
#********** Performance Summary (times in sec) ***********: 
Time Summary: 
  Total   : 21.7129
FLOPS Summary: 
  Total   : 2.71791e+11
MFLOPS Summary: 
  Total   : 12517.5
time,21.712852,nx,288,ny,192,nz,768,ranks,1,threads,96,ntasks,96,iterations,100,flops,271790899200.000000,mflops,12517.512595,total_mem(bytes),1061695488
[TIMING] after srun: 08:57:51.911778191
[TIMING] after nix develop exit: 08:57:51.916554777
