srun: Setting --cpu-bind=threads,verbose as a default of --threads-per-core use
srun: Updating SLURM_TRES_PER_TASK to cpu=192 as --cpus-per-task takes precedence over the environment variables.
srun: Following options are mutually exclusive with --hint: --ntasks-per-core, --cores-per-socket, --threads-per-core, --sockets-per-node, -B and --cpu-bind (other than --cpu-bind=verbose). Ignoring --hint.
srun: defined options
srun: -------------------- --------------------
srun: (null)              : fox
srun: cpu-bind            : verbose
srun: cpus-per-task       : 192
srun: exclusive           : exclusive
srun: jobid               : 52351
srun: job-name            : submit_reproduce.job
srun: mem-per-cpu         : 4008
srun: nodes               : 1
srun: ntasks-per-node     : 1
srun: oom-kill-step       : 0
srun: threads-per-core    : 1
srun: tres-per-task       : cpu=192
srun: verbose             : 1
srun: -------------------- --------------------
srun: end of defined options
srun: jobid 52351: nodes(1):`fox', cpu counts: 192(x1)
srun: CpuBindType=verbose,threads
srun: launching StepId=52351.0 on host fox, 1 tasks: 0
cpu-bind=MASK - fox, task  0  0 [431238]: mask 0xffffffffffffffffffffffffffffffffffffffffffffffff set
srun: Node fox, 1 tasks started
NOS-V WARNING in ./src/include/scheduler/cpubitset.h:264:cpu_bitset_print_mask(): Effective binding: {0-191}
VVV_UPPER_LVL set to: cs
VVV_LOWER_LVL set to: cs
VVV_TG_POLICY set to: PRIO (default)
VVV_TG_ENABLED effective value: 1
VVV_AFF_FLEXIBLE effective value: 0
VVV_TG_ENABLED set to: 1 (enabled)
tglib_manager values:
  tg_enabled      = 1
  upper_level     = 2
  lower_level     = 2
  sched_policy    = 5
  flexible_aff    = 0
  num_task_groups = 0
  taskgroups ptr  = (nil)
INFO: tglib_create_taskgroups_per_domain: num_doms = 24 lower_level=2
INFO: tglib_create_taskgroups_per_domain: Creating 24 task groups
tglib: 24 main TGs for 226492416 rows
Created 24 sparsemv TGs (24 domains x 1 mult, policy=FIFO, flex=1, imm=1)
[Proc 431238, Thread 132863672448704] BEFORE mbind: thread_policy=0 thread_nodemask=0x0 addr_policy=0 addr_nodemask=0x0
[Proc 431238, Thread 132863672448704] AFTER  mbind: thread_policy=0 thread_nodemask=0x0 addr_policy=4 addr_nodemask=0x0
[Proc 431238, Thread 132863672448704] BEFORE mbind: thread_policy=0 thread_nodemask=0x0 addr_policy=0 addr_nodemask=0x0
[Proc 431238, Thread 132863672448704] AFTER  mbind: thread_policy=0 thread_nodemask=0x0 addr_policy=4 addr_nodemask=0x0
[Proc 431238, Thread 132863672448704] BEFORE mbind: thread_policy=0 thread_nodemask=0x0 addr_policy=0 addr_nodemask=0x0
[Proc 431238, Thread 132863672448704] AFTER  mbind: thread_policy=0 thread_nodemask=0x0 addr_policy=4 addr_nodemask=0x0
[Proc 431238, Thread 132863672448704] BEFORE mbind: thread_policy=0 thread_nodemask=0x0 addr_policy=0 addr_nodemask=0x0
[Proc 431238, Thread 132863672448704] AFTER  mbind: thread_policy=0 thread_nodemask=0x0 addr_policy=4 addr_nodemask=0x0
[Proc 431238, Thread 132863672448704] BEFORE mbind: thread_policy=0 thread_nodemask=0x0 addr_policy=0 addr_nodemask=0x0
[Proc 431238, Thread 132863672448704] AFTER  mbind: thread_policy=0 thread_nodemask=0x0 addr_policy=4 addr_nodemask=0x0
[Proc 431238, Thread 132863672448704] BEFORE mbind: thread_policy=0 thread_nodemask=0x0 addr_policy=0 addr_nodemask=0x0
[Proc 431238, Thread 132863672448704] AFTER  mbind: thread_policy=0 thread_nodemask=0x0 addr_policy=4 addr_nodemask=0x0
[Proc 431238, Thread 132863672448704] BEFORE mbind: thread_policy=0 thread_nodemask=0x0 addr_policy=0 addr_nodemask=0x0
[Proc 431238, Thread 132863672448704] AFTER  mbind: thread_policy=0 thread_nodemask=0x0 addr_policy=4 addr_nodemask=0x0
[Proc 431238, Thread 132863672448704] BEFORE mbind: thread_policy=0 thread_nodemask=0x0 addr_policy=0 addr_nodemask=0x0
[Proc 431238, Thread 132863672448704] AFTER  mbind: thread_policy=0 thread_nodemask=0x0 addr_policy=4 addr_nodemask=0x0
[Proc 431238, Thread 132863672448704] BEFORE mbind: thread_policy=0 thread_nodemask=0x0 addr_policy=0 addr_nodemask=0x0
[Proc 431238, Thread 132863672448704] AFTER  mbind: thread_policy=0 thread_nodemask=0x0 addr_policy=4 addr_nodemask=0x0
Process 0 generating matrix with 226492416 rows. Tasksize: 1179648
Process 0 finished generating 6091435000 nonzeros.
[Rank 0] Buffer A.nnz_in_row: size=905969664 B (864 MiB), pages=221184
  NUMA 0: 27648 pages (12.5%)
  NUMA 1: 27648 pages (12.5%)
  NUMA 2: 27648 pages (12.5%)
  NUMA 3: 27648 pages (12.5%)
  NUMA 4: 27648 pages (12.5%)
  NUMA 5: 27648 pages (12.5%)
  NUMA 6: 27648 pages (12.5%)
  NUMA 7: 27648 pages (12.5%)
[Rank 0] Buffer A.ptr_to_vals_in_row: size=1811939328 B (1728 MiB), pages=442368
  NUMA 0: 55296 pages (12.5%)
  NUMA 1: 55296 pages (12.5%)
  NUMA 2: 55296 pages (12.5%)
  NUMA 3: 55296 pages (12.5%)
  NUMA 4: 55296 pages (12.5%)
  NUMA 5: 55296 pages (12.5%)
  NUMA 6: 55296 pages (12.5%)
  NUMA 7: 55296 pages (12.5%)
[Rank 0] Buffer A.ptr_to_inds_in_row: size=1811939328 B (1728 MiB), pages=442368
  NUMA 0: 55296 pages (12.5%)
  NUMA 1: 55296 pages (12.5%)
  NUMA 2: 55296 pages (12.5%)
  NUMA 3: 55296 pages (12.5%)
  NUMA 4: 55296 pages (12.5%)
  NUMA 5: 55296 pages (12.5%)
  NUMA 6: 55296 pages (12.5%)
  NUMA 7: 55296 pages (12.5%)
[Rank 0] Buffer A.ptr_to_diags: size=1811939328 B (1728 MiB), pages=442368
  NUMA 0: 55296 pages (12.5%)
  NUMA 1: 55296 pages (12.5%)
  NUMA 2: 55296 pages (12.5%)
  NUMA 3: 55296 pages (12.5%)
  NUMA 4: 55296 pages (12.5%)
  NUMA 5: 55296 pages (12.5%)
  NUMA 6: 55296 pages (12.5%)
  NUMA 7: 55296 pages (12.5%)
[Rank 0] Buffer x: size=1811939328 B (1728 MiB), pages=442368
  NUMA 0: 55296 pages (12.5%)
  NUMA 1: 55296 pages (12.5%)
  NUMA 2: 55296 pages (12.5%)
  NUMA 3: 55296 pages (12.5%)
  NUMA 4: 55296 pages (12.5%)
  NUMA 5: 55296 pages (12.5%)
  NUMA 6: 55296 pages (12.5%)
  NUMA 7: 55296 pages (12.5%)
[Rank 0] Buffer b: size=1811939328 B (1728 MiB), pages=442368
  NUMA 0: 55296 pages (12.5%)
  NUMA 1: 55296 pages (12.5%)
  NUMA 2: 55296 pages (12.5%)
  NUMA 3: 55296 pages (12.5%)
  NUMA 4: 55296 pages (12.5%)
  NUMA 5: 55296 pages (12.5%)
  NUMA 6: 55296 pages (12.5%)
  NUMA 7: 55296 pages (12.5%)
[Rank 0] Buffer xexact: size=1811939328 B (1728 MiB), pages=442368
  NUMA 0: 55296 pages (12.5%)
  NUMA 1: 55296 pages (12.5%)
  NUMA 2: 55296 pages (12.5%)
  NUMA 3: 55296 pages (12.5%)
  NUMA 4: 55296 pages (12.5%)
  NUMA 5: 55296 pages (12.5%)
  NUMA 6: 55296 pages (12.5%)
  NUMA 7: 55296 pages (12.5%)
[Rank 0] Buffer A.list_of_vals: size=48922361856 B (46656 MiB), pages=11943936
  NUMA 0: 1485230 pages (12.435%)
  NUMA 1: 1487812 pages (12.4566%)
  NUMA 2: 1487813 pages (12.4566%)
  NUMA 3: 1487812 pages (12.4566%)
  NUMA 4: 1487813 pages (12.4566%)
  NUMA 5: 1487812 pages (12.4566%)
  NUMA 6: 1487813 pages (12.4566%)
  NUMA 7: 1485229 pages (12.435%)
  NUMA unknown: 46602 pages (0.390173%)
[Rank 0] Buffer A.list_of_inds: size=48922361856 B (46656 MiB), pages=11943936
  NUMA 0: 1485230 pages (12.435%)
  NUMA 1: 1487812 pages (12.4566%)
  NUMA 2: 1487813 pages (12.4566%)
  NUMA 3: 1487812 pages (12.4566%)
  NUMA 4: 1487813 pages (12.4566%)
  NUMA 5: 1487812 pages (12.4566%)
  NUMA 6: 1487813 pages (12.4566%)
  NUMA 7: 1485229 pages (12.435%)
  NUMA unknown: 46602 pages (0.390173%)
[Rank 0] Buffer debug_map: size=10871635968 B (10368 MiB), pages=2654208
  NUMA 0: 2654208 pages (100%)
  NUMA 1: 0 pages (0%)
  NUMA 2: 0 pages (0%)
  NUMA 3: 0 pages (0%)
  NUMA 4: 0 pages (0%)
  NUMA 5: 0 pages (0%)
  NUMA 6: 0 pages (0%)
  NUMA 7: 0 pages (0%)
[Rank 0] Total tracked buffer size: 120493965312 B (112.219 GiB)
[Proc 431238, Thread 132863672448704] BEFORE mbind: thread_policy=0 thread_nodemask=0x0 addr_policy=0 addr_nodemask=0x0
[Proc 431238, Thread 132863672448704] AFTER  mbind: thread_policy=0 thread_nodemask=0x0 addr_policy=4 addr_nodemask=0x0
[Proc 431238, Thread 132863672448704] BEFORE mbind: thread_policy=0 thread_nodemask=0x0 addr_policy=0 addr_nodemask=0x0
[Proc 431238, Thread 132863672448704] AFTER  mbind: thread_policy=0 thread_nodemask=0x0 addr_policy=4 addr_nodemask=0x0
[Proc 431238, Thread 132863672448704] BEFORE mbind: thread_policy=0 thread_nodemask=0x0 addr_policy=0 addr_nodemask=0x0
[Proc 431238, Thread 132863672448704] AFTER  mbind: thread_policy=0 thread_nodemask=0x0 addr_policy=4 addr_nodemask=0x0
taskSize=1179648
BS_FACTOR=4
srun: Received task exit notification for 1 task of StepId=52351.0 (status=0x0000).
srun: fox: task 0: Completed
