=== Heat HSF: N=49152 BS=512 ITS=60 ===
VVV_TG_ENABLED=1 VVV_LOWER_LVL=cs VVV_UPPER_LVL=numa
[TIMING] before nix develop: 12:24:03.727169560
Environment variables set:
  CC=clang
  CXX=clang++
  PAPI_HOME=/nix/store/lrhn2sdjgmbsjb22kk5rsaysr419rnly-papi-7.2.0
  OVNI_HOME=/nix/store/xnpsfn4ys2wlz3l6k50ygfzj01jc1kir-ovni-1.13.0
  NODES_HOME=/nix/store/g84v80gmx1mhshfddqxs9lbqrvcf8xcv-nodes-haffsched-debug2
  NOSV_HOME=/nix/store/y1hg258pxa0lxg78vqvxisvffygnbnxh-nosv-haffsched-local-hwc-counters
  TAMPI_HOME=/nix/store/dq0ha6547fs8cc26drq13fw0wxy95k5v-tampi-4.1
  BLIS_HOME=/nix/store/az7sb7mysl0j68mvz9wwwf1ch1w5p1sb-amd-blis-5.1
  LIBFLAME_HOME=/nix/store/xqbv5fi9wpql9rrngifhnqs82wmljc81-amd-libflame-5.1
  TGLIB_HOME=/nix/store/rb92fylnlkc1jfs01an1awzc9i5zggnh-tglib-d78d0a4
[TIMING] inside nix shell: 12:24:05.255825186
[TIMING] after build check: 12:24:05.258785913
Starting Heat Solver with OmpSs-2
      6.747919 fake_exec:       7.817956   1.854131e+10   0.000000e+00    49152    49152      512      512       60 resultstring
[TIMING] after srun: 12:24:16.691366767
[TIMING] after nix develop exit: 12:24:16.696200251
