srun: Setting --cpu-bind=threads,verbose as a default of --threads-per-core use
srun: Updating SLURM_TRES_PER_TASK to cpu=192 as --cpus-per-task takes precedence over the environment variables.
srun: Following options are mutually exclusive with --hint: --ntasks-per-core, --cores-per-socket, --threads-per-core, --sockets-per-node, -B and --cpu-bind (other than --cpu-bind=verbose). Ignoring --hint.
srun: defined options
srun: -------------------- --------------------
srun: (null)              : fox
srun: cpu-bind            : verbose
srun: cpus-per-task       : 192
srun: exclusive           : exclusive
srun: jobid               : 52383
srun: job-name            : submit_reproduce.job
srun: mem-per-cpu         : 4008
srun: nodes               : 1
srun: ntasks-per-node     : 1
srun: oom-kill-step       : 0
srun: threads-per-core    : 1
srun: tres-per-task       : cpu=192
srun: verbose             : 1
srun: -------------------- --------------------
srun: end of defined options
srun: jobid 52383: nodes(1):`fox', cpu counts: 192(x1)
srun: CpuBindType=verbose,threads
srun: launching StepId=52383.0 on host fox, 1 tasks: 0
cpu-bind=MASK - fox, task  0  0 [560351]: mask 0xffffffffffffffffffffffffffffffffffffffffffffffff set
srun: Node fox, 1 tasks started
srun: Received task exit notification for 1 task of StepId=52383.0 (status=0x0000).
srun: fox: task 0: Completed
