=== Cholesky nosvorig: N=33792 TS=1024 ===
NOSV_CONFIG_OVERRIDE=topology.binding=inherit,monitoring.enabled=false,monitoring.verbose=false,hwcounters.backend=none,scheduler.immediate_successor=true,instrumentation.version=none
[TIMING] before nix develop: 08:40:58.687047494
Environment variables set:
  CC=clang
  CXX=clang++
  NODES_HOME=/nix/store/c07kvghf5gm7zib1zdzkk21y8z77icyb-nodes-1.4.0
  NOSV_HOME=/nix/store/nxsh19kbfdz9krm5n7yf6g072zjiwyqa-nosv-4.0.0
  TAMPI_HOME=/nix/store/dq0ha6547fs8cc26drq13fw0wxy95k5v-tampi-4.1
  BLIS_HOME=/nix/store/az7sb7mysl0j68mvz9wwwf1ch1w5p1sb-amd-blis-5.1
  LIBFLAME_HOME=/nix/store/az7sb7mysl0j68mvz9wwwf1ch1w5p1sb-amd-blis-5.1
[TIMING] inside nix shell: 08:41:01.405257433
[TIMING] after build check: 08:41:01.408667705
Matrix size: 9135194112 bytes
Matrix dimensions: 33792 x 33792
NUMA page distribution for matrix a (2230272 pages, page_size=4096):
  NUMA node 0: 344064 pages (15.43%)
  NUMA node 1: 368640 pages (16.53%)
  NUMA node 2: 348160 pages (15.61%)
  NUMA node 3: 382976 pages (17.17%)
  NUMA node 4: 196608 pages (8.82%)
  NUMA node 5: 196608 pages (8.82%)
  NUMA node 6: 196608 pages (8.82%)
  NUMA node 7: 196608 pages (8.82%)
NUMA page distribution for matrix a (2230272 pages, page_size=4096):
  NUMA node 0: 344064 pages (15.43%)
  NUMA node 1: 368640 pages (16.53%)
  NUMA node 2: 348160 pages (15.61%)
  NUMA node 3: 382976 pages (17.17%)
  NUMA node 4: 196608 pages (8.82%)
  NUMA node 5: 196608 pages (8.82%)
  NUMA node 6: 196608 pages (8.82%)
  NUMA node 7: 196608 pages (8.82%)
Printing result:   2.814655e+00   4.524284e+03          33792           1024
[TIMING] after srun: 08:41:09.261083514
[TIMING] after nix develop exit: 08:41:09.266176475
