=== Cholesky nosvorig: N=33792 TS=512 ===
NOSV_CONFIG_OVERRIDE=topology.binding=inherit,monitoring.enabled=false,monitoring.verbose=false,hwcounters.backend=none,scheduler.immediate_successor=true,instrumentation.version=none
[TIMING] before nix develop: 08:40:29.256263577
Environment variables set:
  CC=clang
  CXX=clang++
  NODES_HOME=/nix/store/c07kvghf5gm7zib1zdzkk21y8z77icyb-nodes-1.4.0
  NOSV_HOME=/nix/store/nxsh19kbfdz9krm5n7yf6g072zjiwyqa-nosv-4.0.0
  TAMPI_HOME=/nix/store/dq0ha6547fs8cc26drq13fw0wxy95k5v-tampi-4.1
  BLIS_HOME=/nix/store/az7sb7mysl0j68mvz9wwwf1ch1w5p1sb-amd-blis-5.1
  LIBFLAME_HOME=/nix/store/az7sb7mysl0j68mvz9wwwf1ch1w5p1sb-amd-blis-5.1
[TIMING] inside nix shell: 08:40:31.911197949
[TIMING] after build check: 08:40:31.914160912
Matrix size: 9135194112 bytes
Matrix dimensions: 33792 x 33792
NUMA page distribution for matrix a (2230272 pages, page_size=4096):
  NUMA node 0: 176128 pages (7.90%)
  NUMA node 1: 183808 pages (8.24%)
  NUMA node 2: 187392 pages (8.40%)
  NUMA node 3: 188416 pages (8.45%)
  NUMA node 4: 372224 pages (16.69%)
  NUMA node 5: 372736 pages (16.71%)
  NUMA node 6: 371200 pages (16.64%)
  NUMA node 7: 378368 pages (16.97%)
NUMA page distribution for matrix a (2230272 pages, page_size=4096):
  NUMA node 0: 176128 pages (7.90%)
  NUMA node 1: 183808 pages (8.24%)
  NUMA node 2: 187392 pages (8.40%)
  NUMA node 3: 188416 pages (8.45%)
  NUMA node 4: 372224 pages (16.69%)
  NUMA node 5: 372736 pages (16.71%)
  NUMA node 6: 371200 pages (16.64%)
  NUMA node 7: 378368 pages (16.97%)
Printing result:   2.246970e+00   5.667321e+03          33792            512
[TIMING] after srun: 08:40:38.573297740
[TIMING] after nix develop exit: 08:40:38.578889670
