=== Cholesky nosvorig: N=33792 TS=512 ===
NOSV_CONFIG_OVERRIDE=topology.binding=inherit,monitoring.enabled=false,monitoring.verbose=false,hwcounters.backend=none,scheduler.immediate_successor=true,instrumentation.version=none
[TIMING] before nix develop: 08:40:19.597170953
Environment variables set:
  CC=clang
  CXX=clang++
  NODES_HOME=/nix/store/c07kvghf5gm7zib1zdzkk21y8z77icyb-nodes-1.4.0
  NOSV_HOME=/nix/store/nxsh19kbfdz9krm5n7yf6g072zjiwyqa-nosv-4.0.0
  TAMPI_HOME=/nix/store/dq0ha6547fs8cc26drq13fw0wxy95k5v-tampi-4.1
  BLIS_HOME=/nix/store/az7sb7mysl0j68mvz9wwwf1ch1w5p1sb-amd-blis-5.1
  LIBFLAME_HOME=/nix/store/az7sb7mysl0j68mvz9wwwf1ch1w5p1sb-amd-blis-5.1
[TIMING] inside nix shell: 08:40:22.557280907
[TIMING] after build check: 08:40:22.560021586
Matrix size: 9135194112 bytes
Matrix dimensions: 33792 x 33792
NUMA page distribution for matrix a (2230272 pages, page_size=4096):
  NUMA node 0: 362496 pages (16.25%)
  NUMA node 1: 377344 pages (16.92%)
  NUMA node 2: 368128 pages (16.51%)
  NUMA node 3: 378880 pages (16.99%)
  NUMA node 4: 192000 pages (8.61%)
  NUMA node 5: 189440 pages (8.49%)
  NUMA node 6: 184832 pages (8.29%)
  NUMA node 7: 177152 pages (7.94%)
NUMA page distribution for matrix a (2230272 pages, page_size=4096):
  NUMA node 0: 362496 pages (16.25%)
  NUMA node 1: 377344 pages (16.92%)
  NUMA node 2: 368128 pages (16.51%)
  NUMA node 3: 378880 pages (16.99%)
  NUMA node 4: 192000 pages (8.61%)
  NUMA node 5: 189440 pages (8.49%)
  NUMA node 6: 184832 pages (8.29%)
  NUMA node 7: 177152 pages (7.94%)
Printing result:   2.154575e+00   5.910355e+03          33792            512
[TIMING] after srun: 08:40:29.135544814
[TIMING] after nix develop exit: 08:40:29.140945812
