In file included from exchange_externals.cpp:49:
./exchange_externals.hpp:43:9: warning: 'EXCHANGE_EXTERNALS_H' is used as a header guard here, followed by #define of a different macro [-Wheader-guard]
   43 | #ifndef EXCHANGE_EXTERNALS_H
      |         ^~~~~~~~~~~~~~~~~~~~
./exchange_externals.hpp:44:9: note: 'EXCHANGE_EXTERNAL_H' is defined here; did you mean 'EXCHANGE_EXTERNALS_H'?
   44 | #define EXCHANGE_EXTERNAL_H
      |         ^~~~~~~~~~~~~~~~~~~
      |         EXCHANGE_EXTERNALS_H
1 warning generated.
In file included from HPCCG.cpp:68:
In file included from ./HPCCG.hpp:51:
./exchange_externals.hpp:43:9: warning: 'EXCHANGE_EXTERNALS_H' is used as a header guard here, followed by #define of a different macro [-Wheader-guard]
   43 | #ifndef EXCHANGE_EXTERNALS_H
      |         ^~~~~~~~~~~~~~~~~~~~
./exchange_externals.hpp:44:9: note: 'EXCHANGE_EXTERNAL_H' is defined here; did you mean 'EXCHANGE_EXTERNALS_H'?
   44 | #define EXCHANGE_EXTERNAL_H
      |         ^~~~~~~~~~~~~~~~~~~
      |         EXCHANGE_EXTERNALS_H
In file included from main.cpp:86:
In file included from ./HPCCG.hpp:51:
./exchange_externals.hpp:43:9: warning: 'EXCHANGE_EXTERNALS_H' is used as a header guard here, followed by #define of a different macro [-Wheader-guard]
   43 | #ifndef EXCHANGE_EXTERNALS_H
      |         ^~~~~~~~~~~~~~~~~~~~
./exchange_externals.hpp:44:9: note: 'EXCHANGE_EXTERNAL_H' is defined here; did you mean 'EXCHANGE_EXTERNALS_H'?
   44 | #define EXCHANGE_EXTERNAL_H
      |         ^~~~~~~~~~~~~~~~~~~
      |         EXCHANGE_EXTERNALS_H
1 warning generated.
1 warning generated.
srun: Setting --cpu-bind=threads,verbose as a default of --threads-per-core use
srun: Updating SLURM_TRES_PER_TASK to cpu=96 as --cpus-per-task takes precedence over the environment variables.
srun: Following options are mutually exclusive with --hint: --ntasks-per-core, --cores-per-socket, --threads-per-core, --sockets-per-node, -B and --cpu-bind (other than --cpu-bind=verbose). Ignoring --hint.
srun: defined options
srun: -------------------- --------------------
srun: (null)              : fox
srun: cpu-bind            : verbose
srun: cpus-per-task       : 96
srun: exclusive           : exclusive
srun: jobid               : 52596
srun: job-name            : submit_reproduce.job
srun: mem-per-cpu         : 4008
srun: nodes               : 1
srun: ntasks-per-node     : 1
srun: oom-kill-step       : 0
srun: threads-per-core    : 1
srun: tres-per-task       : cpu=96
srun: verbose             : 1
srun: -------------------- --------------------
srun: end of defined options
srun: jobid 52596: nodes(1):`fox', cpu counts: 192(x1)
srun: CpuBindType=verbose,threads
srun: launching StepId=52596.0 on host fox, 1 tasks: 0
cpu-bind=MASK - fox, task  0  0 [558676]: mask 0xffffffffffffffffffffffff set
srun: Node fox, 1 tasks started
srun: Received task exit notification for 1 task of StepId=52596.0 (status=0x0000).
srun: fox: task 0: Completed
