=== HPCCG baseline: nx=288 ny=192 nzlocal=768 maxit=100 ppn=1 cpus=96 numa=1 ===
[TIMING] before nix develop: 15:13:55.176544983
Environment variables set:
  CC=/nix/store/bpmq0ln49bp0iak5xlmqgib0vlywz64n-clang-wrapper-21.1.2/bin/clang
  CXX=/nix/store/bpmq0ln49bp0iak5xlmqgib0vlywz64n-clang-wrapper-21.1.2/bin/clang++
  BLIS_HOME=/nix/store/d3gl28i7m8bxyla9vhgdn5nwjnjip4b6-amd-blis-5.1
  LIBFLAME_HOME=/nix/store/16cj32h5mdv4aqbd12ncngih2906x308-amd-libflame-5.1
[TIMING] inside nix shell: 15:13:57.537580586
[TIMING] after build check: 15:13:57.540824080
NUMA interleaved subset nodes: 0 1 2 3
NUMA interleaved subset nodes: 0 1 2 3
Initial Residual = 11255.7
Iteration = 10   Residual = 846.954
Iteration = 20   Residual = 28.3786
Iteration = 30   Residual = 1.02261
Iteration = 40   Residual = 0.0368316
Iteration = 50   Residual = 0.00132478
Iteration = 60   Residual = 4.75551e-05
Iteration = 70   Residual = 1.70157e-06
Iteration = 80   Residual = 6.05367e-08
Iteration = 90   Residual = 2.12867e-09
Iteration = 99   Residual = 9.40702e-11
Mini-Application Name: hpccg
Mini-Application Version: 1.0
Parallelism: 
  Number of MPI ranks: 1
  Number of OpenMP threads: 96
Dimensions: 
  nx: 288
  ny: 192
  nz: 768
Number of iterations: 99
Final residual: 9.40702e-11
#********** Performance Summary (times in sec) ***********: 
Time Summary: 
  Total   : 7.21678
  DDOT    : 0.254262
  WAXPBY  : 0.556798
  SPARSEMV: 6.31087
FLOPS Summary: 
  Total   : 2.69073e+11
  DDOT    : 1.68171e+10
  WAXPBY  : 2.52256e+10
  SPARSEMV: 2.2703e+11
MFLOPS Summary: 
  Total   : 37284.3
  DDOT    : 66140.7
  WAXPBY  : 45304.8
  SPARSEMV: 35974.5
DDOT Timing Variations: 
  Min DDOT MPI_Allreduce time: 0.00016492
  Max DDOT MPI_Allreduce time: 0.00016492
  Avg DDOT MPI_Allreduce time: 0.00016492
SPARSEMV OVERHEADS: 
  SPARSEMV MFLOPS W OVERHEAD: 29841.5
  SPARSEMV PARALLEL OVERHEAD Time: 1.297
  SPARSEMV PARALLEL OVERHEAD Pct: 17.0482
  SPARSEMV PARALLEL OVERHEAD Setup Time: 1.29677
  SPARSEMV PARALLEL OVERHEAD Setup Pct: 17.0451
  SPARSEMV PARALLEL OVERHEAD Bdry Exch Time: 0.000236412
  SPARSEMV PARALLEL OVERHEAD Bdry Exch Pct: 0.00310746
[TIMING] after srun: 15:14:16.252644989
[TIMING] after nix develop exit: 15:14:16.257968944
